#
# There is insufficient memory for the Java Runtime Environment to continue.
# Native memory allocation (mmap) failed to map 65536 bytes. Error detail: Failed to commit metaspace.
# Possible reasons:
#   The system is out of physical RAM or swap space
#   This process is running with CompressedOops enabled, and the Java Heap may be blocking the growth of the native heap
# Possible solutions:
#   Reduce memory load on the system
#   Increase physical memory or swap space
#   Check if swap backing store is full
#   Decrease Java heap size (-Xmx/-Xms)
#   Decrease number of Java threads
#   Decrease Java thread stack sizes (-Xss)
#   Set larger code cache with -XX:ReservedCodeCacheSize=
#   JVM is running with Zero Based Compressed Oops mode in which the Java heap is
#     placed in the first 32GB address space. The Java Heap base address is the
#     maximum limit for the native heap growth. Please use -XX:HeapBaseMinAddress
#     to set the Java Heap base and to place the Java Heap above 32GB virtual address.
# This output file may be truncated or incomplete.
#
#  Out of Memory Error (virtualSpaceNode.cpp:113), pid=141100, tid=104064
#
# JRE version: OpenJDK Runtime Environment Temurin-21.0.7+6 (21.0.7+6) (build 21.0.7+6-LTS)
# Java VM: OpenJDK 64-Bit Server VM Temurin-21.0.7+6 (21.0.7+6-LTS, mixed mode, sharing, tiered, compressed oops, compressed class ptrs, g1 gc, windows-amd64)
# No core dump will be written. Minidumps are not enabled by default on client versions of Windows
#

---------------  S U M M A R Y ------------

Command Line: -Dfile.encoding=UTF-8 -Dstdout.encoding=UTF-8 -Dstderr.encoding=UTF-8 -XX:+ShowCodeDetailsInExceptionMessages com.proyecto.diente.DienteApplication

Host: AMD Ryzen 5 5600G with Radeon Graphics         , 12 cores, 13G,  Windows 10 , 64 bit Build 19041 (10.0.19041.5915)
Time: Mon Oct 27 02:52:57 2025 Hora estándar de Argentina elapsed time: 2.224634 seconds (0d 0h 0m 2s)

---------------  T H R E A D  ---------------

Current thread (0x000001fa7e347200):  JavaThread "restartedMain"        [_thread_in_vm, id=104064, stack(0x000000ad04800000,0x000000ad04900000) (1024K)]

Stack: [0x000000ad04800000,0x000000ad04900000]
Native frames: (J=compiled Java code, j=interpreted, Vv=VM code, C=native code)
V  [jvm.dll+0x6ce119]
V  [jvm.dll+0x8a84a1]
V  [jvm.dll+0x8aa9ce]
V  [jvm.dll+0x8ab0b3]
V  [jvm.dll+0x27f8a6]
V  [jvm.dll+0x8a41ee]
V  [jvm.dll+0x670575]
V  [jvm.dll+0x1e474c]
V  [jvm.dll+0x1e451e]
V  [jvm.dll+0x672e72]
V  [jvm.dll+0x672c92]
V  [jvm.dll+0x670f4e]
V  [jvm.dll+0x2695bf]
V  [jvm.dll+0x67b1b5]
V  [jvm.dll+0x21563d]
V  [jvm.dll+0x215bba]
V  [jvm.dll+0x2165e5]
V  [jvm.dll+0x20bbae]
V  [jvm.dll+0x5ae58c]
V  [jvm.dll+0x821706]
V  [jvm.dll+0x4718d6]
V  [jvm.dll+0x4777a8]
C  [java.dll+0x17ec]

Java frames: (J=compiled Java code, j=interpreted, Vv=VM code)
J 577  java.lang.ClassLoader.defineClass1(Ljava/lang/ClassLoader;Ljava/lang/String;[BIILjava/security/ProtectionDomain;Ljava/lang/String;)Ljava/lang/Class; java.base@21.0.7 (0 bytes) @ 0x000001fa07b02291 [0x000001fa07b021c0+0x00000000000000d1]
J 1250 c1 java.lang.ClassLoader.defineClass(Ljava/lang/String;[BIILjava/security/ProtectionDomain;)Ljava/lang/Class; java.base@21.0.7 (43 bytes) @ 0x000001fa0022e27c [0x000001fa0022df20+0x000000000000035c]
J 1081 c1 java.security.SecureClassLoader.defineClass(Ljava/lang/String;[BIILjava/security/CodeSource;)Ljava/lang/Class; java.base@21.0.7 (16 bytes) @ 0x000001fa001e4d1c [0x000001fa001e4c40+0x00000000000000dc]
J 1120 c1 jdk.internal.loader.BuiltinClassLoader.defineClass(Ljava/lang/String;Ljdk/internal/loader/Resource;)Ljava/lang/Class; java.base@21.0.7 (121 bytes) @ 0x000001fa001f462c [0x000001fa001f36c0+0x0000000000000f6c]
J 859 c1 jdk.internal.loader.BuiltinClassLoader.findClassOnClassPathOrNull(Ljava/lang/String;)Ljava/lang/Class; java.base@21.0.7 (64 bytes) @ 0x000001fa00168c7c [0x000001fa00167fa0+0x0000000000000cdc]
J 692 c1 jdk.internal.loader.BuiltinClassLoader.loadClassOrNull(Ljava/lang/String;Z)Ljava/lang/Class; java.base@21.0.7 (143 bytes) @ 0x000001fa0010fb8c [0x000001fa0010f160+0x0000000000000a2c]
J 709 c1 jdk.internal.loader.ClassLoaders$AppClassLoader.loadClass(Ljava/lang/String;Z)Ljava/lang/Class; java.base@21.0.7 (40 bytes) @ 0x000001fa00115fe4 [0x000001fa00115e00+0x00000000000001e4]
J 708 c1 java.lang.ClassLoader.loadClass(Ljava/lang/String;)Ljava/lang/Class; java.base@21.0.7 (7 bytes) @ 0x000001fa00115ad4 [0x000001fa001159c0+0x0000000000000114]
v  ~StubRoutines::call_stub 0x000001fa0753100d
j  org.springframework.boot.context.config.ConfigDataEnvironmentPostProcessor.getConfigDataEnvironment(Lorg/springframework/core/env/ConfigurableEnvironment;Lorg/springframework/core/io/ResourceLoader;Ljava/util/Collection;)Lorg/springframework/boot/context/config/ConfigDataEnvironment;+0
j  org.springframework.boot.context.config.ConfigDataEnvironmentPostProcessor.postProcessEnvironment(Lorg/springframework/core/env/ConfigurableEnvironment;Lorg/springframework/core/io/ResourceLoader;Ljava/util/Collection;)V+31
j  org.springframework.boot.context.config.ConfigDataEnvironmentPostProcessor.postProcessEnvironment(Lorg/springframework/core/env/ConfigurableEnvironment;Lorg/springframework/boot/SpringApplication;)V+10
j  org.springframework.boot.env.EnvironmentPostProcessorApplicationListener.onApplicationEnvironmentPreparedEvent(Lorg/springframework/boot/context/event/ApplicationEnvironmentPreparedEvent;)V+66
j  org.springframework.boot.env.EnvironmentPostProcessorApplicationListener.onApplicationEvent(Lorg/springframework/context/ApplicationEvent;)V+14
j  org.springframework.context.event.SimpleApplicationEventMulticaster.doInvokeListener(Lorg/springframework/context/ApplicationListener;Lorg/springframework/context/ApplicationEvent;)V+2
j  org.springframework.context.event.SimpleApplicationEventMulticaster.invokeListener(Lorg/springframework/context/ApplicationListener;Lorg/springframework/context/ApplicationEvent;)V+34
j  org.springframework.context.event.SimpleApplicationEventMulticaster.multicastEvent(Lorg/springframework/context/ApplicationEvent;Lorg/springframework/core/ResolvableType;)V+104
j  org.springframework.context.event.SimpleApplicationEventMulticaster.multicastEvent(Lorg/springframework/context/ApplicationEvent;)V+3
j  org.springframework.boot.context.event.EventPublishingRunListener.multicastInitialEvent(Lorg/springframework/context/ApplicationEvent;)V+9
j  org.springframework.boot.context.event.EventPublishingRunListener.environmentPrepared(Lorg/springframework/boot/ConfigurableBootstrapContext;Lorg/springframework/core/env/ConfigurableEnvironment;)V+18
j  org.springframework.boot.SpringApplicationRunListeners.lambda$environmentPrepared$2(Lorg/springframework/boot/ConfigurableBootstrapContext;Lorg/springframework/core/env/ConfigurableEnvironment;Lorg/springframework/boot/SpringApplicationRunListener;)V+3
j  org.springframework.boot.SpringApplicationRunListeners$$Lambda+0x000001fa100b8ce0.accept(Ljava/lang/Object;)V+12
j  java.lang.Iterable.forEach(Ljava/util/function/Consumer;)V+30 java.base@21.0.7
j  org.springframework.boot.SpringApplicationRunListeners.doWithListeners(Ljava/lang/String;Ljava/util/function/Consumer;Ljava/util/function/Consumer;)V+17
j  org.springframework.boot.SpringApplicationRunListeners.doWithListeners(Ljava/lang/String;Ljava/util/function/Consumer;)V+4
j  org.springframework.boot.SpringApplicationRunListeners.environmentPrepared(Lorg/springframework/boot/ConfigurableBootstrapContext;Lorg/springframework/core/env/ConfigurableEnvironment;)V+10
j  org.springframework.boot.SpringApplication.prepareEnvironment(Lorg/springframework/boot/SpringApplicationRunListeners;Lorg/springframework/boot/DefaultBootstrapContext;Lorg/springframework/boot/ApplicationArguments;)Lorg/springframework/core/env/ConfigurableEnvironment;+27
j  org.springframework.boot.SpringApplication.run([Ljava/lang/String;)Lorg/springframework/context/ConfigurableApplicationContext;+65
j  org.springframework.boot.SpringApplication.run([Ljava/lang/Class;[Ljava/lang/String;)Lorg/springframework/context/ConfigurableApplicationContext;+9
j  org.springframework.boot.SpringApplication.run(Ljava/lang/Class;[Ljava/lang/String;)Lorg/springframework/context/ConfigurableApplicationContext;+9
j  com.proyecto.diente.DienteApplication.main([Ljava/lang/String;)V+3
j  java.lang.invoke.LambdaForm$DMH+0x000001fa10091400.invokeStatic(Ljava/lang/Object;Ljava/lang/Object;)V+10 java.base@21.0.7
j  java.lang.invoke.LambdaForm$MH+0x000001fa10092c00.invoke(Ljava/lang/Object;Ljava/lang/Object;Ljava/lang/Object;)Ljava/lang/Object;+33 java.base@21.0.7
j  java.lang.invoke.Invokers$Holder.invokeExact_MT(Ljava/lang/Object;Ljava/lang/Object;Ljava/lang/Object;Ljava/lang/Object;)Ljava/lang/Object;+20 java.base@21.0.7
j  jdk.internal.reflect.DirectMethodHandleAccessor.invokeImpl(Ljava/lang/Object;[Ljava/lang/Object;)Ljava/lang/Object;+55 java.base@21.0.7
j  jdk.internal.reflect.DirectMethodHandleAccessor.invoke(Ljava/lang/Object;[Ljava/lang/Object;)Ljava/lang/Object;+23 java.base@21.0.7
j  java.lang.reflect.Method.invoke(Ljava/lang/Object;[Ljava/lang/Object;)Ljava/lang/Object;+102 java.base@21.0.7
j  org.springframework.boot.devtools.restart.RestartLauncher.run()V+47
v  ~StubRoutines::call_stub 0x000001fa0753100d

Compiled method (n/a) 2277  577     n 0       java.lang.ClassLoader::defineClass1 (native)
 total in heap  [0x000001fa07b02010,0x000001fa07b02670] = 1632
 relocation     [0x000001fa07b02170,0x000001fa07b021a8] = 56
 main code      [0x000001fa07b021c0,0x000001fa07b0266f] = 1199
 stub code      [0x000001fa07b0266f,0x000001fa07b02670] = 1

[Constant Pool (empty)]

[MachCode]
[Entry Point]
  # {method} {0x000001fa0f431000} 'defineClass1' '(Ljava/lang/ClassLoader;Ljava/lang/String;[BIILjava/security/ProtectionDomain;Ljava/lang/String;)Ljava/lang/Class;' in 'java/lang/ClassLoader'
  # parm0:    rdx:rdx   = 'java/lang/ClassLoader'
  # parm1:    r8:r8     = 'java/lang/String'
  # parm2:    r9:r9     = '[B'
  # parm3:    rdi       = int
  # parm4:    rsi       = int
  # parm5:    rcx:rcx   = 'java/security/ProtectionDomain'
  # parm6:    [sp+0xa0]   = 'java/lang/String'  (sp of caller)
  0x000001fa07b021c0: 448b 5208 | 49bb 0000 | 000f fa01 | 0000 4d03 | d349 3bc2 | 0f84 0600 

  0x000001fa07b021d8: ;   {runtime_call ic_miss_stub}
  0x000001fa07b021d8: 0000 e9a1 | c5a7 ff90 
[Verified Entry Point]
  0x000001fa07b021e0: 8984 2400 | 80ff ff55 | 488b ec48 | 81ec 9000 | 0000 6690 | 4181 7f20 | 0100 0000 

  0x000001fa07b021fc: ;   {runtime_call StubRoutines (final stubs)}
  0x000001fa07b021fc: 7405 e85d | 2ba6 ff48 | 837d 1000 | 488d 4510 | 480f 4445 | 1048 8944 | 2440 4889 | 4c24 7048 
  0x000001fa07b0221c: 83f9 0048 | 8d44 2470 | 480f 4444 | 2470 4889 | 4424 3848 | 8974 2430 | 4889 7c24 | 284c 894c 
  0x000001fa07b0223c: 2458 4983 | f900 488d | 4424 5848 | 0f44 4424 | 5848 8944 | 2420 4c89 | 4424 5049 | 83f8 004c 
  0x000001fa07b0225c: 8d4c 2450 | 4c0f 444c | 2450 4889 | 5424 4848 | 83fa 004c | 8d44 2448 | 4c0f 4444 

  0x000001fa07b02278: ;   {oop(a 'java/lang/Class'{0x000000072e6f54e8} = 'java/lang/ClassLoader')}
  0x000001fa07b02278: 2448 49be | e854 6f2e | 0700 0000 | 4c89 7424 | 784c 8d74 | 2478 498b | d6c5 f877 

  0x000001fa07b02294: ;   {internal_word}
  0x000001fa07b02294: 49ba 9122 | b007 fa01 | 0000 4d89 | 97a0 0300 | 0049 89a7 | 9803 0000 

  0x000001fa07b022ac: ;   {external_word}
  0x000001fa07b022ac: 49ba 3d5b | 808a fb7f | 0000 4180 | 3a00 0f84 | 4e00 0000 | 5241 5041 

  0x000001fa07b022c4: ;   {metadata({method} {0x000001fa0f431000} 'defineClass1' '(Ljava/lang/ClassLoader;Ljava/lang/String;[BIILjava/security/ProtectionDomain;Ljava/lang/String;)Ljava/lang/Class;' in 'java/lang/ClassLoader')}
  0x000001fa07b022c4: 5148 baf8 | 0f43 0ffa | 0100 0049 | 8bcf 4883 | ec20 40f6 | c40f 0f84 | 1900 0000 | 4883 ec08 
  0x000001fa07b022e4: ;   {runtime_call}
  0x000001fa07b022e4: 48b8 504b | 2a8a fb7f | 0000 ffd0 | 4883 c408 | e90c 0000 

  0x000001fa07b022f8: ;   {runtime_call}
  0x000001fa07b022f8: 0048 b850 | 4b2a 8afb | 7f00 00ff | d048 83c4 | 2041 5941 | 585a 498d | 8fb8 0300 | 0041 c787 
  0x000001fa07b02318: 4404 0000 | 0400 0000 

  0x000001fa07b02320: ;   {runtime_call}
  0x000001fa07b02320: 48b8 ac16 | f0e2 fb7f | 0000 ffd0 | c5f8 7741 | c787 4404 | 0000 0500 | 0000 f083 | 4424 c000 
  0x000001fa07b02340: 493b af48 | 0400 000f | 870e 0000 | 0041 83bf | 4004 0000 | 000f 842b | 0000 00c5 | f877 4889 
  0x000001fa07b02360: 45f8 498b | cf4c 8be4 | 4883 ec20 | 4883 e4f0 

  0x000001fa07b02370: ;   {runtime_call}
  0x000001fa07b02370: 48b8 00d1 | f589 fb7f | 0000 ffd0 | 498b e44d | 33e4 488b | 45f8 41c7 | 8744 0400 | 0008 0000 
  0x000001fa07b02390: 0041 83bf | c004 0000 | 020f 84a3 

  0x000001fa07b0239c: ;   {external_word}
  0x000001fa07b0239c: 0200 0049 | ba3d 5b80 | 8afb 7f00 | 0041 803a | 000f 844c | 0000 0048 

  0x000001fa07b023b4: ;   {metadata({method} {0x000001fa0f431000} 'defineClass1' '(Ljava/lang/ClassLoader;Ljava/lang/String;[BIILjava/security/ProtectionDomain;Ljava/lang/String;)Ljava/lang/Class;' in 'java/lang/ClassLoader')}
  0x000001fa07b023b4: 8945 f848 | baf8 0f43 | 0ffa 0100 | 0049 8bcf | 4883 ec20 | 40f6 c40f | 0f84 1900 | 0000 4883 
  0x000001fa07b023d4: ;   {runtime_call}
  0x000001fa07b023d4: ec08 48b8 | 504b 2a8a | fb7f 0000 | ffd0 4883 | c408 e90c 

  0x000001fa07b023e8: ;   {runtime_call}
  0x000001fa07b023e8: 0000 0048 | b850 4b2a | 8afb 7f00 | 00ff d048 | 83c4 2048 | 8b45 f849 | c787 9803 | 0000 0000 
  0x000001fa07b02408: 0000 49c7 | 87a0 0300 | 0000 0000 | 00c5 f877 | 4885 c00f | 84fe 0100 | 00a8 030f | 8508 0000 
  0x000001fa07b02428: 0048 8b00 | e9ee 0100 | 00a8 010f | 8509 0000 | 0048 8b40 | fee9 dd01 | 0000 488b | 40ff 4180 
  0x000001fa07b02448: 7f40 000f | 84ce 0100 | 0048 83f8 | 000f 84c4 | 0100 0049 | 8b4f 2848 | 83f9 000f | 8414 0000 
  0x000001fa07b02468: 0048 83e9 | 0849 894f | 2849 034f | 3848 8901 | e9a2 0100 | 0048 81ec | d000 0000 | 4889 0424 
  0x000001fa07b02488: 4889 4c24 | 0848 8954 | 2410 4889 | 7424 1848 | 897c 2420 | 4c89 4424 | 284c 894c | 2430 4c89 
  0x000001fa07b024a8: 5424 384c | 895c 2440 | c5fb 1144 | 2450 c5fb | 114c 2458 | c5fb 1154 | 2460 c5fb | 115c 2468 
  0x000001fa07b024c8: c5fb 1164 | 2470 c5fb | 116c 2478 | c5fb 11b4 | 2480 0000 | 00c5 fb11 | bc24 8800 | 0000 c57b 
  0x000001fa07b024e8: ;   {no_reloc}
  0x000001fa07b024e8: 1184 2490 | 0000 00c5 | 7b11 8c24 | 9800 0000 | c57b 1194 | 24a0 0000 | 00c5 7b11 | 9c24 a800 
  0x000001fa07b02508: 0000 c57b | 11a4 24b0 | 0000 00c5 | 7b11 ac24 | b800 0000 | c57b 11b4 | 24c0 0000 | 00c5 7b11 
  0x000001fa07b02528: bc24 c800 | 0000 498b | d748 8bc8 | 4883 ec20 | 40f6 c40f | 0f84 1900 | 0000 4883 

  0x000001fa07b02544: ;   {runtime_call}
  0x000001fa07b02544: ec08 48b8 | c014 e989 | fb7f 0000 | ffd0 4883 | c408 e90c 

  0x000001fa07b02558: ;   {runtime_call}
  0x000001fa07b02558: 0000 0048 | b8c0 14e9 | 89fb 7f00 | 00ff d048 | 83c4 20c5 | 7b10 bc24 | c800 0000 | c57b 10b4 
  0x000001fa07b02578: 24c0 0000 | 00c5 7b10 | ac24 b800 | 0000 c57b | 10a4 24b0 | 0000 00c5 | 7b10 9c24 | a800 0000 
  0x000001fa07b02598: c57b 1094 | 24a0 0000 | 00c5 7b10 | 8c24 9800 | 0000 c57b | 1084 2490 | 0000 00c5 | fb10 bc24 
  0x000001fa07b025b8: 8800 0000 | c5fb 10b4 | 2480 0000 | 00c5 fb10 | 6c24 78c5 | fb10 6424 | 70c5 fb10 | 5c24 68c5 
  0x000001fa07b025d8: fb10 5424 | 60c5 fb10 | 4c24 58c5 | fb10 4424 | 504c 8b5c | 2440 4c8b | 5424 384c | 8b4c 2430 
  0x000001fa07b025f8: 4c8b 4424 | 2848 8b7c | 2420 488b | 7424 1848 | 8b54 2410 | 488b 4c24 | 0848 8b04 | 2448 81c4 
  0x000001fa07b02618: d000 0000 | c5f8 7749 | 8b8f 2804 | 0000 c781 | 0001 0000 | 0000 0000 | c949 837f | 0800 0f85 
  0x000001fa07b02638: 0100 0000 

  0x000001fa07b0263c: ;   {runtime_call StubRoutines (initial stubs)}
  0x000001fa07b0263c: c3e9 bee8 | a2ff c5f8 | 7748 8945 | f84c 8be4 | 4883 ec20 | 4883 e4f0 

  0x000001fa07b02654: ;   {runtime_call}
  0x000001fa07b02654: 48b8 3083 | 2a8a fb7f | 0000 ffd0 | 498b e44d | 33e4 488b | 45f8 e930 | fdff fff4 
[/MachCode]


Compiled method (c1) 2287 1250       3       java.lang.ClassLoader::defineClass (43 bytes)
 total in heap  [0x000001fa0022dd10,0x000001fa0022e668] = 2392
 relocation     [0x000001fa0022de70,0x000001fa0022df10] = 160
 main code      [0x000001fa0022df20,0x000001fa0022e3c0] = 1184
 stub code      [0x000001fa0022e3c0,0x000001fa0022e438] = 120
 metadata       [0x000001fa0022e438,0x000001fa0022e468] = 48
 scopes data    [0x000001fa0022e468,0x000001fa0022e558] = 240
 scopes pcs     [0x000001fa0022e558,0x000001fa0022e638] = 224
 dependencies   [0x000001fa0022e638,0x000001fa0022e640] = 8
 nul chk table  [0x000001fa0022e640,0x000001fa0022e668] = 40

[Constant Pool (empty)]

[MachCode]
[Entry Point]
  # {method} {0x000001fa0f431380} 'defineClass' '(Ljava/lang/String;[BIILjava/security/ProtectionDomain;)Ljava/lang/Class;' in 'java/lang/ClassLoader'
  # this:     rdx:rdx   = 'java/lang/ClassLoader'
  # parm0:    r8:r8     = 'java/lang/String'
  # parm1:    r9:r9     = '[B'
  # parm2:    rdi       = int
  # parm3:    rsi       = int
  # parm4:    rcx:rcx   = 'java/security/ProtectionDomain'
  #           [sp+0xc0]  (sp of caller)
  0x000001fa0022df20: 448b 5208 | 49bb 0000 | 000f fa01 | 0000 4d03 | d34c 3bd0 

  0x000001fa0022df34: ;   {runtime_call ic_miss_stub}
  0x000001fa0022df34: 0f85 4608 | 3507 660f | 1f44 0000 
[Verified Entry Point]
  0x000001fa0022df40: 8984 2400 | 80ff ff55 | 4881 ecb0 | 0000 0090 | 4181 7f20 | 0100 0000 

  0x000001fa0022df58: ;   {runtime_call StubRoutines (final stubs)}
  0x000001fa0022df58: 7405 e801 | 6e33 0748 | 8954 2478 

  0x000001fa0022df64: ;   {metadata(method data for {method} {0x000001fa0f431380} 'defineClass' '(Ljava/lang/String;[BIILjava/security/ProtectionDomain;)Ljava/lang/Class;' in 'java/lang/ClassLoader')}
  0x000001fa0022df64: 48bb 68a3 | 1c50 fa01 | 0000 8b83 | cc00 0000 | 83c0 0289 | 83cc 0000 | 0025 fe07 | 0000 85c0 
  0x000001fa0022df84: 0f84 5803 | 0000 89b4 | 2494 0000 | 0089 bc24 | 9000 0000 | 4c89 8c24 | 8800 0000 

  0x000001fa0022dfa0: ;   {metadata(method data for {method} {0x000001fa0f431380} 'defineClass' '(Ljava/lang/String;[BIILjava/security/ProtectionDomain;)Ljava/lang/Class;' in 'java/lang/ClassLoader')}
  0x000001fa0022dfa0: 488b da48 | b868 a31c | 50fa 0100 | 0048 8380 | 1001 0000 | 0149 8bd8 | 4c8b c34c | 8bc9 488b 
  0x000001fa0022dfc0: ca48 8bd1 | 4889 9c24 | 8000 0000 

  0x000001fa0022dfcc: ;   {optimized virtual_call}
  0x000001fa0022dfcc: 6666 90e8 

  0x000001fa0022dfd0: ; ImmutableOopMap {[120]=Oop [128]=Oop [136]=Oop }
                      ;*invokevirtual preDefineClass {reexecute=0 rethrow=0 return_oop=0}
                      ; - java.lang.ClassLoader::defineClass@4 (line 1025)
  0x000001fa0022dfd0: 4c45 feff 

  0x000001fa0022dfd4: ;   {other}
  0x000001fa0022dfd4: 0f1f 8400 | c402 0000 | 4889 8424 | 9800 0000 | 488b 5424 

  0x000001fa0022dfe8: ;   {metadata(method data for {method} {0x000001fa0f431380} 'defineClass' '(Ljava/lang/String;[BIILjava/security/ProtectionDomain;)Ljava/lang/Class;' in 'java/lang/ClassLoader')}
  0x000001fa0022dfe8: 7849 b868 | a31c 50fa | 0100 0049 | 8380 4801 

  0x000001fa0022dff8: ;   {metadata(method data for {method} {0x000001fa0f431068} 'defineClassSourceLocation' '(Ljava/security/ProtectionDomain;)Ljava/lang/String;' in 'java/lang/ClassLoader')}
  0x000001fa0022dff8: 0000 0149 | b840 1622 | 50fa 0100 | 0041 8b90 | cc00 0000 | 83c2 0241 | 8990 cc00 | 0000 81e2 
  0x000001fa0022e018: feff 1f00 | 85d2 0f84 | df02 0000 

  0x000001fa0022e024: ; implicit exception: dispatches to 0x000001fa0022e324
  0x000001fa0022e024: 483b 004c 

  0x000001fa0022e028: ;   {metadata(method data for {method} {0x000001fa0f431068} 'defineClassSourceLocation' '(Ljava/security/ProtectionDomain;)Ljava/lang/String;' in 'java/lang/ClassLoader')}
  0x000001fa0022e028: 8bc0 48ba | 4016 2250 | fa01 0000 | 4883 8210 | 0100 0001 | 448b 4010 | 49c1 e003 

  0x000001fa0022e044: ;   {metadata(method data for {method} {0x000001fa0f431068} 'defineClassSourceLocation' '(Ljava/security/ProtectionDomain;)Ljava/lang/String;' in 'java/lang/ClassLoader')}
  0x000001fa0022e044: 4d85 c048 | ba40 1622 | 50fa 0100 | 0048 c7c6 | 5801 0000 | 7507 48c7 | c648 0100 | 0048 8b3c 
  0x000001fa0022e064: 3248 8d7f | 0148 893c | 320f 850f 

  0x000001fa0022e070: ;   {oop(nullptr)}
  0x000001fa0022e070: 0000 0048 | bb00 0000 | 0000 0000 | 00e9 a501 | 0000 493b | 0049 8bd0 

  0x000001fa0022e088: ;   {metadata(method data for {method} {0x000001fa0f431068} 'defineClassSourceLocation' '(Ljava/security/ProtectionDomain;)Ljava/lang/String;' in 'java/lang/ClassLoader')}
  0x000001fa0022e088: 48be 4016 | 2250 fa01 | 0000 4883 | 8668 0100 | 0001 418b | 500c 48c1 | e203 4885 

  0x000001fa0022e0a4: ;   {metadata(method data for {method} {0x000001fa0f431068} 'defineClassSourceLocation' '(Ljava/security/ProtectionDomain;)Ljava/lang/String;' in 'java/lang/ClassLoader')}
  0x000001fa0022e0a4: d248 be40 | 1622 50fa | 0100 0048 | c7c7 b001 | 0000 7507 | 48c7 c7a0 | 0100 0048 | 8b1c 3e48 
  0x000001fa0022e0c4: 8d5b 0148 | 891c 3e0f | 850f 0000 

  0x000001fa0022e0d0: ;   {oop(nullptr)}
  0x000001fa0022e0d0: 0048 bb00 | 0000 0000 | 0000 00e9 | 4701 0000 

  0x000001fa0022e0e0: ;   {metadata(method data for {method} {0x000001fa0f431068} 'defineClassSourceLocation' '(Ljava/security/ProtectionDomain;)Ljava/lang/String;' in 'java/lang/ClassLoader')}
  0x000001fa0022e0e0: 48be 4016 | 2250 fa01 | 0000 4883 | 86c0 0100 | 0001 483b | 024c 8bc2 

  0x000001fa0022e0f8: ;   {metadata(method data for {method} {0x000001fa0f431068} 'defineClassSourceLocation' '(Ljava/security/ProtectionDomain;)Ljava/lang/String;' in 'java/lang/ClassLoader')}
  0x000001fa0022e0f8: 48be 4016 | 2250 fa01 | 0000 4883 | 86f8 0100 

  0x000001fa0022e108: ;   {metadata(method data for {method} {0x000001fa0f01a838} 'toString' '()Ljava/lang/String;' in 'java/net/URL')}
  0x000001fa0022e108: 0001 49b8 | e83c 0e50 | fa01 0000 | 418b b0cc | 0000 0083 | c602 4189 | b0cc 0000 | 0081 e6fe 
  0x000001fa0022e128: ff1f 0085 | f60f 8400 | 0200 004c 

  0x000001fa0022e134: ;   {metadata(method data for {method} {0x000001fa0f01a838} 'toString' '()Ljava/lang/String;' in 'java/net/URL')}
  0x000001fa0022e134: 8bc2 48be | e83c 0e50 | fa01 0000 | 4883 8610 | 0100 0001 

  0x000001fa0022e148: ;   {metadata(method data for {method} {0x000001fa0f424c08} 'toExternalForm' '()Ljava/lang/String;' in 'java/net/URL')}
  0x000001fa0022e148: 49b8 703e | 0e50 fa01 | 0000 418b | b0cc 0000 | 0083 c602 | 4189 b0cc | 0000 0081 | e6fe ff1f 
  0x000001fa0022e168: 0085 f60f | 84e3 0100 | 008b 7238 | 48c1 e603 

  0x000001fa0022e178: ; implicit exception: dispatches to 0x000001fa0022e375
  0x000001fa0022e178: 483b 064c 

  0x000001fa0022e17c: ;   {metadata(method data for {method} {0x000001fa0f424c08} 'toExternalForm' '()Ljava/lang/String;' in 'java/net/URL')}
  0x000001fa0022e17c: 8bc6 48bf | 703e 0e50 | fa01 0000 | 458b 4008 | 49ba 0000 | 000f fa01 | 0000 4d03 | c24c 3b87 
  0x000001fa0022e19c: 2001 0000 | 750d 4883 | 8728 0100 | 0001 e960 | 0000 004c | 3b87 3001 | 0000 750d | 4883 8738 
  0x000001fa0022e1bc: 0100 0001 | e94a 0000 | 0048 83bf | 2001 0000 | 0075 174c | 8987 2001 | 0000 48c7 | 8728 0100 
  0x000001fa0022e1dc: 0001 0000 | 00e9 2900 | 0000 4883 | bf30 0100 | 0000 7517 | 4c89 8730 | 0100 0048 | c787 3801 
  0x000001fa0022e1fc: 0000 0100 | 0000 e908 | 0000 0048 | 8387 1001 | 0000 014c | 8bc2 488b 

  0x000001fa0022e214: ;   {optimized virtual_call}
  0x000001fa0022e214: d666 90e8 

  0x000001fa0022e218: ; ImmutableOopMap {[120]=Oop [128]=Oop [136]=Oop [152]=Oop }
                      ;*invokevirtual toExternalForm {reexecute=0 rethrow=0 return_oop=0}
                      ; - java.net.URL::toExternalForm@5 (line 1203)
                      ; - java.net.URL::toString@1 (line 1189)
                      ; - java.lang.ClassLoader::defineClassSourceLocation@22 (line 927)
                      ; - java.lang.ClassLoader::defineClass@12 (line 1026)
  0x000001fa0022e218: 84f7 f3ff 

  0x000001fa0022e21c: ;   {other}
  0x000001fa0022e21c: 0f1f 8400 | 0c05 0001 | 488b d848 | 8b84 2498 | 0000 008b | b424 9400 | 0000 8bbc | 2490 0000 
  0x000001fa0022e23c: 004c 8b8c | 2488 0000 | 004c 8b84 | 2480 0000 | 0048 8b54 

  0x000001fa0022e250: ;   {metadata(method data for {method} {0x000001fa0f431380} 'defineClass' '(Ljava/lang/String;[BIILjava/security/ProtectionDomain;)Ljava/lang/Class;' in 'java/lang/ClassLoader')}
  0x000001fa0022e250: 2478 48b9 | 68a3 1c50 | fa01 0000 | 4883 8180 | 0100 0001 | 4c8b da49 | 8bd3 488b | c848 891c 
  0x000001fa0022e270: 2466 0f1f 

  0x000001fa0022e274: ;   {static_call}
  0x000001fa0022e274: 4400 00e8 

  0x000001fa0022e278: ; ImmutableOopMap {[120]=Oop [152]=Oop }
                      ;*invokestatic defineClass1 {reexecute=0 rethrow=0 return_oop=0}
                      ; - java.lang.ClassLoader::defineClass@27 (line 1027)
  0x000001fa0022e278: 643f 8d07 

  0x000001fa0022e27c: ;   {other}
  0x000001fa0022e27c: 0f1f 8400 | 6c05 0002 | 488b 5424 

  0x000001fa0022e288: ;   {metadata(method data for {method} {0x000001fa0f431380} 'defineClass' '(Ljava/lang/String;[BIILjava/security/ProtectionDomain;)Ljava/lang/Class;' in 'java/lang/ClassLoader')}
  0x000001fa0022e288: 7849 b868 | a31c 50fa | 0100 0049 | 8380 9001 | 0000 014c | 8bc0 4c8b | 8c24 9800 | 0000 488b 
  0x000001fa0022e2a8: 5424 7848 | 8984 24a0 | 0000 000f 

  0x000001fa0022e2b4: ;   {optimized virtual_call}
  0x000001fa0022e2b4: 1f40 00e8 

  0x000001fa0022e2b8: ; ImmutableOopMap {[160]=Oop }
                      ;*invokevirtual postDefineClass {reexecute=0 rethrow=0 return_oop=0}
                      ; - java.lang.ClassLoader::defineClass@37 (line 1028)
  0x000001fa0022e2b8: 647a feff 

  0x000001fa0022e2bc: ;   {other}
  0x000001fa0022e2bc: 0f1f 8400 | ac05 0003 | 488b 8424 | a000 0000 | 4881 c4b0 | 0000 005d 

  0x000001fa0022e2d4: ;   {poll_return}
  0x000001fa0022e2d4: 493b a748 | 0400 000f | 8799 0000 

  0x000001fa0022e2e0: ;   {metadata({method} {0x000001fa0f431380} 'defineClass' '(Ljava/lang/String;[BIILjava/security/ProtectionDomain;)Ljava/lang/Class;' in 'java/lang/ClassLoader')}
  0x000001fa0022e2e0: 00c3 49ba | 7813 430f | fa01 0000 | 4c89 5424 | 0848 c704 | 24ff ffff 

  0x000001fa0022e2f8: ;   {runtime_call counter_overflow Runtime1 stub}
  0x000001fa0022e2f8: ffe8 02a9 

  0x000001fa0022e2fc: ; ImmutableOopMap {rdx=Oop r8=Oop r9=Oop rcx=Oop [120]=Oop }
                      ;*synchronization entry
                      ; - java.lang.ClassLoader::defineClass@-1 (line 1025)
  0x000001fa0022e2fc: 4107 e987 

  0x000001fa0022e300: ;   {metadata({method} {0x000001fa0f431068} 'defineClassSourceLocation' '(Ljava/security/ProtectionDomain;)Ljava/lang/String;' in 'java/lang/ClassLoader')}
  0x000001fa0022e300: fcff ff49 | ba60 1043 | 0ffa 0100 | 004c 8954 | 2408 48c7 | 0424 ffff 

  0x000001fa0022e318: ;   {runtime_call counter_overflow Runtime1 stub}
  0x000001fa0022e318: ffff e8e1 

  0x000001fa0022e31c: ; ImmutableOopMap {rax=Oop [120]=Oop [128]=Oop [136]=Oop [152]=Oop }
                      ;*synchronization entry
                      ; - java.lang.ClassLoader::defineClassSourceLocation@-1 (line 924)
                      ; - java.lang.ClassLoader::defineClass@12 (line 1026)
  0x000001fa0022e31c: a841 07e9 | 00fd ffff 

  0x000001fa0022e324: ;   {runtime_call throw_null_pointer_exception Runtime1 stub}
  0x000001fa0022e324: e8d7 4841 

  0x000001fa0022e328: ; ImmutableOopMap {rax=Oop [120]=Oop [128]=Oop [136]=Oop [152]=Oop }
                      ;*invokevirtual getCodeSource {reexecute=0 rethrow=0 return_oop=0}
                      ; - java.lang.ClassLoader::defineClassSourceLocation@1 (line 924)
                      ; - java.lang.ClassLoader::defineClass@12 (line 1026)
                      ;   {runtime_call throw_null_pointer_exception Runtime1 stub}
  0x000001fa0022e328: 07e8 d248 

  0x000001fa0022e32c: ; ImmutableOopMap {rax=Oop r8=Oop [120]=Oop [128]=Oop [136]=Oop [152]=Oop }
                      ;*invokevirtual getLocation {reexecute=0 rethrow=0 return_oop=0}
                      ; - java.lang.ClassLoader::defineClassSourceLocation@12 (line 926)
                      ; - java.lang.ClassLoader::defineClass@12 (line 1026)
                      ;   {runtime_call throw_null_pointer_exception Runtime1 stub}
  0x000001fa0022e32c: 4107 e8cd 

  0x000001fa0022e330: ; ImmutableOopMap {rdx=Oop [120]=Oop [128]=Oop [136]=Oop [152]=Oop }
                      ;*invokevirtual toString {reexecute=0 rethrow=0 return_oop=0}
                      ; - java.lang.ClassLoader::defineClassSourceLocation@22 (line 927)
                      ; - java.lang.ClassLoader::defineClass@12 (line 1026)
                      ;   {metadata({method} {0x000001fa0f01a838} 'toString' '()Ljava/lang/String;' in 'java/net/URL')}
  0x000001fa0022e330: 4841 0749 | ba30 a801 | 0ffa 0100 | 004c 8954 | 2408 48c7 | 0424 ffff 

  0x000001fa0022e348: ;   {runtime_call counter_overflow Runtime1 stub}
  0x000001fa0022e348: ffff e8b1 

  0x000001fa0022e34c: ; ImmutableOopMap {rdx=Oop [120]=Oop [128]=Oop [136]=Oop [152]=Oop }
                      ;*synchronization entry
                      ; - java.net.URL::toString@-1 (line 1189)
                      ; - java.lang.ClassLoader::defineClassSourceLocation@22 (line 927)
                      ; - java.lang.ClassLoader::defineClass@12 (line 1026)
  0x000001fa0022e34c: a841 07e9 | dffd ffff 

  0x000001fa0022e354: ;   {metadata({method} {0x000001fa0f424c08} 'toExternalForm' '()Ljava/lang/String;' in 'java/net/URL')}
  0x000001fa0022e354: 49ba 004c | 420f fa01 | 0000 4c89 | 5424 0848 | c704 24ff 

  0x000001fa0022e368: ;   {runtime_call counter_overflow Runtime1 stub}
  0x000001fa0022e368: ffff ffe8 

  0x000001fa0022e36c: ; ImmutableOopMap {rdx=Oop [120]=Oop [128]=Oop [136]=Oop [152]=Oop }
                      ;*synchronization entry
                      ; - java.net.URL::toExternalForm@-1 (line 1203)
                      ; - java.net.URL::toString@1 (line 1189)
                      ; - java.lang.ClassLoader::defineClassSourceLocation@22 (line 927)
                      ; - java.lang.ClassLoader::defineClass@12 (line 1026)
  0x000001fa0022e36c: 90a8 4107 | e9fc fdff 

  0x000001fa0022e374: ;   {runtime_call throw_null_pointer_exception Runtime1 stub}
  0x000001fa0022e374: ffe8 8648 

  0x000001fa0022e378: ; ImmutableOopMap {rdx=Oop rsi=Oop [120]=Oop [128]=Oop [136]=Oop [152]=Oop }
                      ;*invokevirtual toExternalForm {reexecute=0 rethrow=0 return_oop=0}
                      ; - java.net.URL::toExternalForm@5 (line 1203)
                      ; - java.net.URL::toString@1 (line 1189)
                      ; - java.lang.ClassLoader::defineClassSourceLocation@22 (line 927)
                      ; - java.lang.ClassLoader::defineClass@12 (line 1026)
                      ;   {internal_word}
  0x000001fa0022e378: 4107 49ba | d4e2 2200 | fa01 0000 | 4d89 9760 

  0x000001fa0022e388: ;   {runtime_call SafepointBlob}
  0x000001fa0022e388: 0400 00e9 | 7073 3507 | 498b 87f8 | 0400 0049 | c787 f804 | 0000 0000 | 0000 49c7 | 8700 0500 
  0x000001fa0022e3a8: 0000 0000 | 0048 81c4 | b000 0000 

  0x000001fa0022e3b4: ;   {runtime_call unwind_exception Runtime1 stub}
  0x000001fa0022e3b4: 5de9 4639 | 4107 f4f4 | f4f4 f4f4 
[Stub Code]
  0x000001fa0022e3c0: ;   {no_reloc}
  0x000001fa0022e3c0: 0f1f 4400 

  0x000001fa0022e3c4: ;   {static_stub}
  0x000001fa0022e3c4: 0048 bb00 | 0000 0000 

  0x000001fa0022e3cc: ;   {runtime_call nmethod}
  0x000001fa0022e3cc: 0000 00e9 | fbff ffff 

  0x000001fa0022e3d4: ;   {static_stub}
  0x000001fa0022e3d4: 48bb 0000 | 0000 0000 

  0x000001fa0022e3dc: ;   {runtime_call nmethod}
  0x000001fa0022e3dc: 0000 e9fb 

  0x000001fa0022e3e0: ;   {static_stub}
  0x000001fa0022e3e0: ffff ff48 | bb00 0000 | 0000 0000 

  0x000001fa0022e3ec: ;   {runtime_call nmethod}
  0x000001fa0022e3ec: 00e9 fbff 

  0x000001fa0022e3f0: ;   {static_stub}
  0x000001fa0022e3f0: ffff 48bb | 0000 0000 | 0000 0000 

  0x000001fa0022e3fc: ;   {runtime_call nmethod}
  0x000001fa0022e3fc: e9fb ffff 

  0x000001fa0022e400: ;   {runtime_call handle_exception_from_callee Runtime1 stub}
  0x000001fa0022e400: ffe8 7a6a 

  0x000001fa0022e404: ;   {external_word}
  0x000001fa0022e404: 4107 48b9 | 907f 568a | fb7f 0000 | 4883 e4f0 

  0x000001fa0022e414: ;   {runtime_call}
  0x000001fa0022e414: 48b8 e044 | 198a fb7f | 0000 ffd0 

  0x000001fa0022e420: ;   {section_word}
  0x000001fa0022e420: f449 ba21 | e422 00fa | 0100 0041 

  0x000001fa0022e42c: ;   {runtime_call DeoptimizationBlob}
  0x000001fa0022e42c: 52e9 6e65 | 3507 f4f4 | f4f4 f4f4 
[/MachCode]


Compiled method (c1) 2307 1081       3       java.security.SecureClassLoader::defineClass (16 bytes)
 total in heap  [0x000001fa001e4a90,0x000001fa001e4e90] = 1024
 relocation     [0x000001fa001e4bf0,0x000001fa001e4c40] = 80
 main code      [0x000001fa001e4c40,0x000001fa001e4d98] = 344
 stub code      [0x000001fa001e4d98,0x000001fa001e4de8] = 80
 metadata       [0x000001fa001e4de8,0x000001fa001e4df0] = 8
 scopes data    [0x000001fa001e4df0,0x000001fa001e4e38] = 72
 scopes pcs     [0x000001fa001e4e38,0x000001fa001e4e88] = 80
 dependencies   [0x000001fa001e4e88,0x000001fa001e4e90] = 8

[Constant Pool (empty)]

[MachCode]
[Entry Point]
  # {method} {0x000001fa0f04d3e8} 'defineClass' '(Ljava/lang/String;[BIILjava/security/CodeSource;)Ljava/lang/Class;' in 'java/security/SecureClassLoader'
  # this:     rdx:rdx   = 'java/security/SecureClassLoader'
  # parm0:    r8:r8     = 'java/lang/String'
  # parm1:    r9:r9     = '[B'
  # parm2:    rdi       = int
  # parm3:    rsi       = int
  # parm4:    rcx:rcx   = 'java/security/CodeSource'
  #           [sp+0x80]  (sp of caller)
  0x000001fa001e4c40: 448b 5208 | 49bb 0000 | 000f fa01 | 0000 4d03 | d34c 3bd0 

  0x000001fa001e4c54: ;   {runtime_call ic_miss_stub}
  0x000001fa001e4c54: 0f85 269b | 3907 660f | 1f44 0000 
[Verified Entry Point]
  0x000001fa001e4c60: 8984 2400 | 80ff ff55 | 4883 ec70 | 4181 7f20 | 0100 0000 

  0x000001fa001e4c74: ;   {runtime_call StubRoutines (final stubs)}
  0x000001fa001e4c74: 7405 e8e5 

  0x000001fa001e4c78: ;   {metadata(method data for {method} {0x000001fa0f04d3e8} 'defineClass' '(Ljava/lang/String;[BIILjava/security/CodeSource;)Ljava/lang/Class;' in 'java/security/SecureClassLoader')}
  0x000001fa001e4c78: 0038 0748 | bb78 9f1c | 50fa 0100 | 008b 83cc | 0000 0083 | c002 8983 | cc00 0000 | 25fe 0700 
  0x000001fa001e4c98: 0085 c00f | 8496 0000 | 0089 7424 | 5c89 7c24 | 584c 894c | 2450 4c89 | 4424 4848 

  0x000001fa001e4cb4: ;   {metadata(method data for {method} {0x000001fa0f04d3e8} 'defineClass' '(Ljava/lang/String;[BIILjava/security/CodeSource;)Ljava/lang/Class;' in 'java/security/SecureClassLoader')}
  0x000001fa001e4cb4: 8bda 48b8 | 789f 1c50 | fa01 0000 | 4883 8010 | 0100 0001 | 4c8b c148 | 8bc2 488b | d048 8944 
  0x000001fa001e4cd4: ;   {optimized virtual_call}
  0x000001fa001e4cd4: 2440 90e8 

  0x000001fa001e4cd8: ; ImmutableOopMap {[64]=Oop [72]=Oop [80]=Oop }
                      ;*invokevirtual getProtectionDomain {reexecute=0 rethrow=0 return_oop=0}
                      ; - java.security.SecureClassLoader::defineClass@9 (line 150)
  0x000001fa001e4cd8: 4404 0000 

  0x000001fa001e4cdc: ;   {other}
  0x000001fa001e4cdc: 0f1f 8400 | 4c02 0000 | 488b 5424 

  0x000001fa001e4ce8: ;   {metadata(method data for {method} {0x000001fa0f04d3e8} 'defineClass' '(Ljava/lang/String;[BIILjava/security/CodeSource;)Ljava/lang/Class;' in 'java/security/SecureClassLoader')}
  0x000001fa001e4ce8: 4049 b878 | 9f1c 50fa | 0100 0049 | 8380 4801 | 0000 014c | 8b44 2448 | 4c8b 4c24 | 508b 7c24 
  0x000001fa001e4d08: 588b 7424 | 5c48 8bc8 | 488b 5424 

  0x000001fa001e4d14: ;   {optimized virtual_call}
  0x000001fa001e4d14: 4066 90e8 

  0x000001fa001e4d18: ; ImmutableOopMap {}
                      ;*invokevirtual defineClass {reexecute=0 rethrow=0 return_oop=0}
                      ; - java.security.SecureClassLoader::defineClass@12 (line 150)
  0x000001fa001e4d18: 2492 0400 

  0x000001fa001e4d1c: ;   {other}
  0x000001fa001e4d1c: 0f1f 8400 | 8c02 0001 | 4883 c470 

  0x000001fa001e4d28: ;   {poll_return}
  0x000001fa001e4d28: 5d49 3ba7 | 4804 0000 | 0f87 2200 

  0x000001fa001e4d34: ;   {metadata({method} {0x000001fa0f04d3e8} 'defineClass' '(Ljava/lang/String;[BIILjava/security/CodeSource;)Ljava/lang/Class;' in 'java/security/SecureClassLoader')}
  0x000001fa001e4d34: 0000 c349 | bae0 d304 | 0ffa 0100 | 004c 8954 | 2408 48c7 | 0424 ffff 

  0x000001fa001e4d4c: ;   {runtime_call counter_overflow Runtime1 stub}
  0x000001fa001e4d4c: ffff e8ad 

  0x000001fa001e4d50: ; ImmutableOopMap {rdx=Oop r8=Oop r9=Oop rcx=Oop }
                      ;*synchronization entry
                      ; - java.security.SecureClassLoader::defineClass@-1 (line 150)
  0x000001fa001e4d50: 3e46 07e9 | 49ff ffff 

  0x000001fa001e4d58: ;   {internal_word}
  0x000001fa001e4d58: 49ba 294d | 1e00 fa01 | 0000 4d89 | 9760 0400 

  0x000001fa001e4d68: ;   {runtime_call SafepointBlob}
  0x000001fa001e4d68: 00e9 9209 | 3a07 498b | 87f8 0400 | 0049 c787 | f804 0000 | 0000 0000 | 49c7 8700 | 0500 0000 
  0x000001fa001e4d88: 0000 0048 | 83c4 705d 

  0x000001fa001e4d90: ;   {runtime_call unwind_exception Runtime1 stub}
  0x000001fa001e4d90: e96b cf45 | 07f4 f4f4 
[Stub Code]
  0x000001fa001e4d98: ;   {no_reloc}
  0x000001fa001e4d98: 48bb 0000 | 0000 0000 

  0x000001fa001e4da0: ;   {runtime_call nmethod}
  0x000001fa001e4da0: 0000 e9fb 

  0x000001fa001e4da4: ;   {static_stub}
  0x000001fa001e4da4: ffff ff48 | bb78 1343 | 0ffa 0100 

  0x000001fa001e4db0: ;   {runtime_call I2C/C2I adapters}
  0x000001fa001e4db0: 00e9 bfc3 

  0x000001fa001e4db4: ;   {runtime_call handle_exception_from_callee Runtime1 stub}
  0x000001fa001e4db4: 3807 e8c5 

  0x000001fa001e4db8: ;   {external_word}
  0x000001fa001e4db8: 0046 0748 | b990 7f56 | 8afb 7f00 | 0048 83e4 

  0x000001fa001e4dc8: ;   {runtime_call}
  0x000001fa001e4dc8: f048 b8e0 | 4419 8afb | 7f00 00ff 

  0x000001fa001e4dd4: ;   {section_word}
  0x000001fa001e4dd4: d0f4 49ba | d64d 1e00 | fa01 0000 

  0x000001fa001e4de0: ;   {runtime_call DeoptimizationBlob}
  0x000001fa001e4de0: 4152 e9b9 | fb39 07f4 
[/MachCode]


---------------  P R O C E S S  ---------------

Threads class SMR info:
_java_thread_list=0x000001fa7e346fc0, length=13, elements={
0x000001fa705aa5e0, 0x000001fa7d9da4b0, 0x000001fa7d9daf00, 0x000001fa7d9e00e0,
0x000001fa7d9e0f40, 0x000001fa7d9e65e0, 0x000001fa7d9ea940, 0x000001fa7d9f3ef0,
0x000001fa7d9f6fd0, 0x000001fa7db3dc60, 0x000001fa7db44050, 0x000001fa7e25c230,
0x000001fa7e347200
}

Java Threads: ( => current thread )
  0x000001fa705aa5e0 JavaThread "main"                              [_thread_blocked, id=152452, stack(0x000000ad03500000,0x000000ad03600000) (1024K)]
  0x000001fa7d9da4b0 JavaThread "Reference Handler"          daemon [_thread_blocked, id=23708, stack(0x000000ad03d00000,0x000000ad03e00000) (1024K)]
  0x000001fa7d9daf00 JavaThread "Finalizer"                  daemon [_thread_blocked, id=127840, stack(0x000000ad03e00000,0x000000ad03f00000) (1024K)]
  0x000001fa7d9e00e0 JavaThread "Signal Dispatcher"          daemon [_thread_blocked, id=148544, stack(0x000000ad03f00000,0x000000ad04000000) (1024K)]
  0x000001fa7d9e0f40 JavaThread "Attach Listener"            daemon [_thread_blocked, id=150300, stack(0x000000ad04000000,0x000000ad04100000) (1024K)]
  0x000001fa7d9e65e0 JavaThread "Service Thread"             daemon [_thread_blocked, id=152088, stack(0x000000ad04100000,0x000000ad04200000) (1024K)]
  0x000001fa7d9ea940 JavaThread "Monitor Deflation Thread"   daemon [_thread_blocked, id=151728, stack(0x000000ad04200000,0x000000ad04300000) (1024K)]
  0x000001fa7d9f3ef0 JavaThread "C2 CompilerThread0"         daemon [_thread_blocked, id=153028, stack(0x000000ad04300000,0x000000ad04400000) (1024K)]
  0x000001fa7d9f6fd0 JavaThread "C1 CompilerThread0"         daemon [_thread_blocked, id=148784, stack(0x000000ad04400000,0x000000ad04500000) (1024K)]
  0x000001fa7db3dc60 JavaThread "Notification Thread"        daemon [_thread_blocked, id=96464, stack(0x000000ad04500000,0x000000ad04600000) (1024K)]
  0x000001fa7db44050 JavaThread "Common-Cleaner"             daemon [_thread_blocked, id=150164, stack(0x000000ad04600000,0x000000ad04700000) (1024K)]
  0x000001fa7e25c230 JavaThread "Thread-0"                          [_thread_blocked, id=137864, stack(0x000000ad04700000,0x000000ad04800000) (1024K)]
=>0x000001fa7e347200 JavaThread "restartedMain"                     [_thread_in_vm, id=104064, stack(0x000000ad04800000,0x000000ad04900000) (1024K)]
Total: 13

Other Threads:
  0x000001fa7d9c38e0 VMThread "VM Thread"                           [id=152420, stack(0x000000ad03c00000,0x000000ad03d00000) (1024K)]
  0x000001fa7d9b2fc0 WatcherThread "VM Periodic Task Thread"        [id=135724, stack(0x000000ad03b00000,0x000000ad03c00000) (1024K)]
  0x000001fa72988240 WorkerThread "GC Thread#0"                     [id=149760, stack(0x000000ad03600000,0x000000ad03700000) (1024K)]
  0x000001fa7e347c70 WorkerThread "GC Thread#1"                     [id=149464, stack(0x000000ad04900000,0x000000ad04a00000) (1024K)]
  0x000001fa7e3b7660 WorkerThread "GC Thread#2"                     [id=152628, stack(0x000000ad04a00000,0x000000ad04b00000) (1024K)]
  0x000001fa7e6589c0 WorkerThread "GC Thread#3"                     [id=152888, stack(0x000000ad04b00000,0x000000ad04c00000) (1024K)]
  0x000001fa7e658d60 WorkerThread "GC Thread#4"                     [id=138636, stack(0x000000ad04c00000,0x000000ad04d00000) (1024K)]
  0x000001fa7e683bc0 WorkerThread "GC Thread#5"                     [id=25748, stack(0x000000ad04d00000,0x000000ad04e00000) (1024K)]
  0x000001fa72997020 ConcurrentGCThread "G1 Main Marker"            [id=146488, stack(0x000000ad03700000,0x000000ad03800000) (1024K)]
  0x000001fa72998470 WorkerThread "G1 Conc#0"                       [id=79028, stack(0x000000ad03800000,0x000000ad03900000) (1024K)]
  0x000001fa7d87f180 ConcurrentGCThread "G1 Refine#0"               [id=147924, stack(0x000000ad03900000,0x000000ad03a00000) (1024K)]
  0x000001fa7d880aa0 ConcurrentGCThread "G1 Service"                [id=145008, stack(0x000000ad03a00000,0x000000ad03b00000) (1024K)]
Total: 12

Threads with active compile tasks:
Total: 0

VM state: not at safepoint (normal execution)

VM Mutex/Monitor currently owned by a thread:  ([mutex/lock_event])
[0x00007ffb8a81c308] Metaspace_lock - owner thread: 0x000001fa7e347200

Heap address: 0x0000000722000000, size: 3552 MB, Compressed Oops mode: Zero based, Oop shift amount: 3

CDS archive(s) mapped at: [0x000001fa0f000000-0x000001fa0fc80000-0x000001fa0fc80000), size 13107200, SharedBaseAddress: 0x000001fa0f000000, ArchiveRelocationMode: 1.
Compressed class space mapped at: 0x000001fa10000000-0x000001fa50000000, reserved size: 1073741824
Narrow klass base: 0x000001fa0f000000, Narrow klass shift: 0, Narrow klass range: 0x100000000

GC Precious Log:
 CardTable entry size: 512
 Card Set container configuration: InlinePtr #cards 4 size 8 Array Of Cards #cards 16 size 48 Howl #buckets 8 coarsen threshold 3686 Howl Bitmap #cards 512 size 80 coarsen threshold 460 Card regions per heap region 1 cards per card region 4096
 CPUs: 12 total, 12 available
 Memory: 14205M
 Large Page Support: Disabled
 NUMA Support: Disabled
 Compressed Oops: Enabled (Zero based)
 Heap Region Size: 2M
 Heap Min Capacity: 8M
 Heap Initial Capacity: 222M
 Heap Max Capacity: 3552M
 Pre-touch: Disabled
 Parallel Workers: 10
 Concurrent Workers: 3
 Concurrent Refinement Workers: 10
 Periodic GC: Disabled

Heap:
 garbage-first heap   total 227328K, used 13735K [0x0000000722000000, 0x0000000800000000)
  region size 2048K, 6 young (12288K), 2 survivors (4096K)
 Metaspace       used 6447K, committed 6656K, reserved 1114112K
  class space    used 746K, committed 896K, reserved 1048576K

Heap Regions: E=young(eden), S=young(survivor), O=old, HS=humongous(starts), HC=humongous(continues), CS=collection set, F=free, TAMS=top-at-mark-start, PB=parsable bottom
|   0|0x0000000722000000, 0x0000000722200000, 0x0000000722200000|100%| O|  |TAMS 0x0000000722000000| PB 0x0000000722000000| Untracked 
|   1|0x0000000722200000, 0x0000000722369f48, 0x0000000722400000| 70%| O|  |TAMS 0x0000000722200000| PB 0x0000000722200000| Untracked 
|   2|0x0000000722400000, 0x0000000722400000, 0x0000000722600000|  0%| F|  |TAMS 0x0000000722400000| PB 0x0000000722400000| Untracked 
|   3|0x0000000722600000, 0x0000000722600000, 0x0000000722800000|  0%| F|  |TAMS 0x0000000722600000| PB 0x0000000722600000| Untracked 
|   4|0x0000000722800000, 0x0000000722800000, 0x0000000722a00000|  0%| F|  |TAMS 0x0000000722800000| PB 0x0000000722800000| Untracked 
|   5|0x0000000722a00000, 0x0000000722a00000, 0x0000000722c00000|  0%| F|  |TAMS 0x0000000722a00000| PB 0x0000000722a00000| Untracked 
|   6|0x0000000722c00000, 0x0000000722c00000, 0x0000000722e00000|  0%| F|  |TAMS 0x0000000722c00000| PB 0x0000000722c00000| Untracked 
|   7|0x0000000722e00000, 0x0000000722e00000, 0x0000000723000000|  0%| F|  |TAMS 0x0000000722e00000| PB 0x0000000722e00000| Untracked 
|   8|0x0000000723000000, 0x0000000723000000, 0x0000000723200000|  0%| F|  |TAMS 0x0000000723000000| PB 0x0000000723000000| Untracked 
|   9|0x0000000723200000, 0x0000000723200000, 0x0000000723400000|  0%| F|  |TAMS 0x0000000723200000| PB 0x0000000723200000| Untracked 
|  10|0x0000000723400000, 0x0000000723400000, 0x0000000723600000|  0%| F|  |TAMS 0x0000000723400000| PB 0x0000000723400000| Untracked 
|  11|0x0000000723600000, 0x0000000723600000, 0x0000000723800000|  0%| F|  |TAMS 0x0000000723600000| PB 0x0000000723600000| Untracked 
|  12|0x0000000723800000, 0x0000000723800000, 0x0000000723a00000|  0%| F|  |TAMS 0x0000000723800000| PB 0x0000000723800000| Untracked 
|  13|0x0000000723a00000, 0x0000000723a00000, 0x0000000723c00000|  0%| F|  |TAMS 0x0000000723a00000| PB 0x0000000723a00000| Untracked 
|  14|0x0000000723c00000, 0x0000000723c00000, 0x0000000723e00000|  0%| F|  |TAMS 0x0000000723c00000| PB 0x0000000723c00000| Untracked 
|  15|0x0000000723e00000, 0x0000000723e00000, 0x0000000724000000|  0%| F|  |TAMS 0x0000000723e00000| PB 0x0000000723e00000| Untracked 
|  16|0x0000000724000000, 0x0000000724000000, 0x0000000724200000|  0%| F|  |TAMS 0x0000000724000000| PB 0x0000000724000000| Untracked 
|  17|0x0000000724200000, 0x0000000724200000, 0x0000000724400000|  0%| F|  |TAMS 0x0000000724200000| PB 0x0000000724200000| Untracked 
|  18|0x0000000724400000, 0x0000000724400000, 0x0000000724600000|  0%| F|  |TAMS 0x0000000724400000| PB 0x0000000724400000| Untracked 
|  19|0x0000000724600000, 0x0000000724600000, 0x0000000724800000|  0%| F|  |TAMS 0x0000000724600000| PB 0x0000000724600000| Untracked 
|  20|0x0000000724800000, 0x0000000724800000, 0x0000000724a00000|  0%| F|  |TAMS 0x0000000724800000| PB 0x0000000724800000| Untracked 
|  21|0x0000000724a00000, 0x0000000724a00000, 0x0000000724c00000|  0%| F|  |TAMS 0x0000000724a00000| PB 0x0000000724a00000| Untracked 
|  22|0x0000000724c00000, 0x0000000724c00000, 0x0000000724e00000|  0%| F|  |TAMS 0x0000000724c00000| PB 0x0000000724c00000| Untracked 
|  23|0x0000000724e00000, 0x0000000724e00000, 0x0000000725000000|  0%| F|  |TAMS 0x0000000724e00000| PB 0x0000000724e00000| Untracked 
|  24|0x0000000725000000, 0x0000000725000000, 0x0000000725200000|  0%| F|  |TAMS 0x0000000725000000| PB 0x0000000725000000| Untracked 
|  25|0x0000000725200000, 0x0000000725200000, 0x0000000725400000|  0%| F|  |TAMS 0x0000000725200000| PB 0x0000000725200000| Untracked 
|  26|0x0000000725400000, 0x0000000725400000, 0x0000000725600000|  0%| F|  |TAMS 0x0000000725400000| PB 0x0000000725400000| Untracked 
|  27|0x0000000725600000, 0x0000000725600000, 0x0000000725800000|  0%| F|  |TAMS 0x0000000725600000| PB 0x0000000725600000| Untracked 
|  28|0x0000000725800000, 0x0000000725800000, 0x0000000725a00000|  0%| F|  |TAMS 0x0000000725800000| PB 0x0000000725800000| Untracked 
|  29|0x0000000725a00000, 0x0000000725a00000, 0x0000000725c00000|  0%| F|  |TAMS 0x0000000725a00000| PB 0x0000000725a00000| Untracked 
|  30|0x0000000725c00000, 0x0000000725c00000, 0x0000000725e00000|  0%| F|  |TAMS 0x0000000725c00000| PB 0x0000000725c00000| Untracked 
|  31|0x0000000725e00000, 0x0000000725e00000, 0x0000000726000000|  0%| F|  |TAMS 0x0000000725e00000| PB 0x0000000725e00000| Untracked 
|  32|0x0000000726000000, 0x0000000726000000, 0x0000000726200000|  0%| F|  |TAMS 0x0000000726000000| PB 0x0000000726000000| Untracked 
|  33|0x0000000726200000, 0x0000000726200000, 0x0000000726400000|  0%| F|  |TAMS 0x0000000726200000| PB 0x0000000726200000| Untracked 
|  34|0x0000000726400000, 0x0000000726400000, 0x0000000726600000|  0%| F|  |TAMS 0x0000000726400000| PB 0x0000000726400000| Untracked 
|  35|0x0000000726600000, 0x0000000726600000, 0x0000000726800000|  0%| F|  |TAMS 0x0000000726600000| PB 0x0000000726600000| Untracked 
|  36|0x0000000726800000, 0x0000000726800000, 0x0000000726a00000|  0%| F|  |TAMS 0x0000000726800000| PB 0x0000000726800000| Untracked 
|  37|0x0000000726a00000, 0x0000000726a00000, 0x0000000726c00000|  0%| F|  |TAMS 0x0000000726a00000| PB 0x0000000726a00000| Untracked 
|  38|0x0000000726c00000, 0x0000000726c00000, 0x0000000726e00000|  0%| F|  |TAMS 0x0000000726c00000| PB 0x0000000726c00000| Untracked 
|  39|0x0000000726e00000, 0x0000000726e00000, 0x0000000727000000|  0%| F|  |TAMS 0x0000000726e00000| PB 0x0000000726e00000| Untracked 
|  40|0x0000000727000000, 0x0000000727000000, 0x0000000727200000|  0%| F|  |TAMS 0x0000000727000000| PB 0x0000000727000000| Untracked 
|  41|0x0000000727200000, 0x0000000727200000, 0x0000000727400000|  0%| F|  |TAMS 0x0000000727200000| PB 0x0000000727200000| Untracked 
|  42|0x0000000727400000, 0x0000000727400000, 0x0000000727600000|  0%| F|  |TAMS 0x0000000727400000| PB 0x0000000727400000| Untracked 
|  43|0x0000000727600000, 0x0000000727600000, 0x0000000727800000|  0%| F|  |TAMS 0x0000000727600000| PB 0x0000000727600000| Untracked 
|  44|0x0000000727800000, 0x0000000727800000, 0x0000000727a00000|  0%| F|  |TAMS 0x0000000727800000| PB 0x0000000727800000| Untracked 
|  45|0x0000000727a00000, 0x0000000727a00000, 0x0000000727c00000|  0%| F|  |TAMS 0x0000000727a00000| PB 0x0000000727a00000| Untracked 
|  46|0x0000000727c00000, 0x0000000727c00000, 0x0000000727e00000|  0%| F|  |TAMS 0x0000000727c00000| PB 0x0000000727c00000| Untracked 
|  47|0x0000000727e00000, 0x0000000727e00000, 0x0000000728000000|  0%| F|  |TAMS 0x0000000727e00000| PB 0x0000000727e00000| Untracked 
|  48|0x0000000728000000, 0x0000000728000000, 0x0000000728200000|  0%| F|  |TAMS 0x0000000728000000| PB 0x0000000728000000| Untracked 
|  49|0x0000000728200000, 0x0000000728200000, 0x0000000728400000|  0%| F|  |TAMS 0x0000000728200000| PB 0x0000000728200000| Untracked 
|  50|0x0000000728400000, 0x0000000728400000, 0x0000000728600000|  0%| F|  |TAMS 0x0000000728400000| PB 0x0000000728400000| Untracked 
|  51|0x0000000728600000, 0x0000000728600000, 0x0000000728800000|  0%| F|  |TAMS 0x0000000728600000| PB 0x0000000728600000| Untracked 
|  52|0x0000000728800000, 0x0000000728800000, 0x0000000728a00000|  0%| F|  |TAMS 0x0000000728800000| PB 0x0000000728800000| Untracked 
|  53|0x0000000728a00000, 0x0000000728a00000, 0x0000000728c00000|  0%| F|  |TAMS 0x0000000728a00000| PB 0x0000000728a00000| Untracked 
|  54|0x0000000728c00000, 0x0000000728c00000, 0x0000000728e00000|  0%| F|  |TAMS 0x0000000728c00000| PB 0x0000000728c00000| Untracked 
|  55|0x0000000728e00000, 0x0000000728e00000, 0x0000000729000000|  0%| F|  |TAMS 0x0000000728e00000| PB 0x0000000728e00000| Untracked 
|  56|0x0000000729000000, 0x0000000729000000, 0x0000000729200000|  0%| F|  |TAMS 0x0000000729000000| PB 0x0000000729000000| Untracked 
|  57|0x0000000729200000, 0x0000000729200000, 0x0000000729400000|  0%| F|  |TAMS 0x0000000729200000| PB 0x0000000729200000| Untracked 
|  58|0x0000000729400000, 0x0000000729400000, 0x0000000729600000|  0%| F|  |TAMS 0x0000000729400000| PB 0x0000000729400000| Untracked 
|  59|0x0000000729600000, 0x0000000729600000, 0x0000000729800000|  0%| F|  |TAMS 0x0000000729600000| PB 0x0000000729600000| Untracked 
|  60|0x0000000729800000, 0x0000000729800000, 0x0000000729a00000|  0%| F|  |TAMS 0x0000000729800000| PB 0x0000000729800000| Untracked 
|  61|0x0000000729a00000, 0x0000000729a00000, 0x0000000729c00000|  0%| F|  |TAMS 0x0000000729a00000| PB 0x0000000729a00000| Untracked 
|  62|0x0000000729c00000, 0x0000000729c00000, 0x0000000729e00000|  0%| F|  |TAMS 0x0000000729c00000| PB 0x0000000729c00000| Untracked 
|  63|0x0000000729e00000, 0x0000000729e00000, 0x000000072a000000|  0%| F|  |TAMS 0x0000000729e00000| PB 0x0000000729e00000| Untracked 
|  64|0x000000072a000000, 0x000000072a000000, 0x000000072a200000|  0%| F|  |TAMS 0x000000072a000000| PB 0x000000072a000000| Untracked 
|  65|0x000000072a200000, 0x000000072a200000, 0x000000072a400000|  0%| F|  |TAMS 0x000000072a200000| PB 0x000000072a200000| Untracked 
|  66|0x000000072a400000, 0x000000072a400000, 0x000000072a600000|  0%| F|  |TAMS 0x000000072a400000| PB 0x000000072a400000| Untracked 
|  67|0x000000072a600000, 0x000000072a600000, 0x000000072a800000|  0%| F|  |TAMS 0x000000072a600000| PB 0x000000072a600000| Untracked 
|  68|0x000000072a800000, 0x000000072a800000, 0x000000072aa00000|  0%| F|  |TAMS 0x000000072a800000| PB 0x000000072a800000| Untracked 
|  69|0x000000072aa00000, 0x000000072aa00000, 0x000000072ac00000|  0%| F|  |TAMS 0x000000072aa00000| PB 0x000000072aa00000| Untracked 
|  70|0x000000072ac00000, 0x000000072ac00000, 0x000000072ae00000|  0%| F|  |TAMS 0x000000072ac00000| PB 0x000000072ac00000| Untracked 
|  71|0x000000072ae00000, 0x000000072ae00000, 0x000000072b000000|  0%| F|  |TAMS 0x000000072ae00000| PB 0x000000072ae00000| Untracked 
|  72|0x000000072b000000, 0x000000072b000000, 0x000000072b200000|  0%| F|  |TAMS 0x000000072b000000| PB 0x000000072b000000| Untracked 
|  73|0x000000072b200000, 0x000000072b200000, 0x000000072b400000|  0%| F|  |TAMS 0x000000072b200000| PB 0x000000072b200000| Untracked 
|  74|0x000000072b400000, 0x000000072b400000, 0x000000072b600000|  0%| F|  |TAMS 0x000000072b400000| PB 0x000000072b400000| Untracked 
|  75|0x000000072b600000, 0x000000072b600000, 0x000000072b800000|  0%| F|  |TAMS 0x000000072b600000| PB 0x000000072b600000| Untracked 
|  76|0x000000072b800000, 0x000000072b800000, 0x000000072ba00000|  0%| F|  |TAMS 0x000000072b800000| PB 0x000000072b800000| Untracked 
|  77|0x000000072ba00000, 0x000000072ba00000, 0x000000072bc00000|  0%| F|  |TAMS 0x000000072ba00000| PB 0x000000072ba00000| Untracked 
|  78|0x000000072bc00000, 0x000000072bc00000, 0x000000072be00000|  0%| F|  |TAMS 0x000000072bc00000| PB 0x000000072bc00000| Untracked 
|  79|0x000000072be00000, 0x000000072be00000, 0x000000072c000000|  0%| F|  |TAMS 0x000000072be00000| PB 0x000000072be00000| Untracked 
|  80|0x000000072c000000, 0x000000072c000000, 0x000000072c200000|  0%| F|  |TAMS 0x000000072c000000| PB 0x000000072c000000| Untracked 
|  81|0x000000072c200000, 0x000000072c200000, 0x000000072c400000|  0%| F|  |TAMS 0x000000072c200000| PB 0x000000072c200000| Untracked 
|  82|0x000000072c400000, 0x000000072c400000, 0x000000072c600000|  0%| F|  |TAMS 0x000000072c400000| PB 0x000000072c400000| Untracked 
|  83|0x000000072c600000, 0x000000072c600000, 0x000000072c800000|  0%| F|  |TAMS 0x000000072c600000| PB 0x000000072c600000| Untracked 
|  84|0x000000072c800000, 0x000000072c800000, 0x000000072ca00000|  0%| F|  |TAMS 0x000000072c800000| PB 0x000000072c800000| Untracked 
|  85|0x000000072ca00000, 0x000000072ca00000, 0x000000072cc00000|  0%| F|  |TAMS 0x000000072ca00000| PB 0x000000072ca00000| Untracked 
|  86|0x000000072cc00000, 0x000000072cc00000, 0x000000072ce00000|  0%| F|  |TAMS 0x000000072cc00000| PB 0x000000072cc00000| Untracked 
|  87|0x000000072ce00000, 0x000000072ce00000, 0x000000072d000000|  0%| F|  |TAMS 0x000000072ce00000| PB 0x000000072ce00000| Untracked 
|  88|0x000000072d000000, 0x000000072d000000, 0x000000072d200000|  0%| F|  |TAMS 0x000000072d000000| PB 0x000000072d000000| Untracked 
|  89|0x000000072d200000, 0x000000072d200000, 0x000000072d400000|  0%| F|  |TAMS 0x000000072d200000| PB 0x000000072d200000| Untracked 
|  90|0x000000072d400000, 0x000000072d400000, 0x000000072d600000|  0%| F|  |TAMS 0x000000072d400000| PB 0x000000072d400000| Untracked 
|  91|0x000000072d600000, 0x000000072d600000, 0x000000072d800000|  0%| F|  |TAMS 0x000000072d600000| PB 0x000000072d600000| Untracked 
|  92|0x000000072d800000, 0x000000072d800000, 0x000000072da00000|  0%| F|  |TAMS 0x000000072d800000| PB 0x000000072d800000| Untracked 
|  93|0x000000072da00000, 0x000000072da00000, 0x000000072dc00000|  0%| F|  |TAMS 0x000000072da00000| PB 0x000000072da00000| Untracked 
|  94|0x000000072dc00000, 0x000000072dc00000, 0x000000072de00000|  0%| F|  |TAMS 0x000000072dc00000| PB 0x000000072dc00000| Untracked 
|  95|0x000000072de00000, 0x000000072de00000, 0x000000072e000000|  0%| F|  |TAMS 0x000000072de00000| PB 0x000000072de00000| Untracked 
|  96|0x000000072e000000, 0x000000072e000000, 0x000000072e200000|  0%| F|  |TAMS 0x000000072e000000| PB 0x000000072e000000| Untracked 
|  97|0x000000072e200000, 0x000000072e200000, 0x000000072e400000|  0%| F|  |TAMS 0x000000072e200000| PB 0x000000072e200000| Untracked 
|  98|0x000000072e400000, 0x000000072e600000, 0x000000072e600000|100%| S|CS|TAMS 0x000000072e400000| PB 0x000000072e400000| Complete 
|  99|0x000000072e600000, 0x000000072e800000, 0x000000072e800000|100%| S|CS|TAMS 0x000000072e600000| PB 0x000000072e600000| Complete 
| 100|0x000000072e800000, 0x000000072e800000, 0x000000072ea00000|  0%| F|  |TAMS 0x000000072e800000| PB 0x000000072e800000| Untracked 
| 101|0x000000072ea00000, 0x000000072ea00000, 0x000000072ec00000|  0%| F|  |TAMS 0x000000072ea00000| PB 0x000000072ea00000| Untracked 
| 102|0x000000072ec00000, 0x000000072ec00000, 0x000000072ee00000|  0%| F|  |TAMS 0x000000072ec00000| PB 0x000000072ec00000| Untracked 
| 103|0x000000072ee00000, 0x000000072ee00000, 0x000000072f000000|  0%| F|  |TAMS 0x000000072ee00000| PB 0x000000072ee00000| Untracked 
| 104|0x000000072f000000, 0x000000072f000000, 0x000000072f200000|  0%| F|  |TAMS 0x000000072f000000| PB 0x000000072f000000| Untracked 
| 105|0x000000072f200000, 0x000000072f200000, 0x000000072f400000|  0%| F|  |TAMS 0x000000072f200000| PB 0x000000072f200000| Untracked 
| 106|0x000000072f400000, 0x000000072f400000, 0x000000072f600000|  0%| F|  |TAMS 0x000000072f400000| PB 0x000000072f400000| Untracked 
| 107|0x000000072f600000, 0x000000072f77c050, 0x000000072f800000| 74%| E|  |TAMS 0x000000072f600000| PB 0x000000072f600000| Complete 
| 108|0x000000072f800000, 0x000000072fa00000, 0x000000072fa00000|100%| E|CS|TAMS 0x000000072f800000| PB 0x000000072f800000| Complete 
| 109|0x000000072fa00000, 0x000000072fc00000, 0x000000072fc00000|100%| E|CS|TAMS 0x000000072fa00000| PB 0x000000072fa00000| Complete 
| 110|0x000000072fc00000, 0x000000072fe00000, 0x000000072fe00000|100%| E|CS|TAMS 0x000000072fc00000| PB 0x000000072fc00000| Complete 

Card table byte_map: [0x000001fa76f10000,0x000001fa77600000] _byte_map_base: 0x000001fa73600000

Marking Bits: (CMBitMap*) 0x000001fa72988940
 Bits: [0x000001fa77600000, 0x000001fa7ad80000)

Polling page: 0x000001fa70790000

Metaspace:

Usage:
  Non-class:      5.57 MB used.
      Class:    746.73 KB used.
       Both:      6.30 MB used.

Virtual space:
  Non-class space:       64.00 MB reserved,       5.62 MB (  9%) committed,  1 nodes.
      Class space:        1.00 GB reserved,     896.00 KB ( <1%) committed,  1 nodes.
             Both:        1.06 GB reserved,       6.50 MB ( <1%) committed. 

Chunk freelists:
   Non-Class:  8.98 MB
       Class:  15.11 MB
        Both:  24.09 MB

MaxMetaspaceSize: unlimited
CompressedClassSpaceSize: 1.00 GB
Initial GC threshold: 21.00 MB
Current GC threshold: 21.00 MB
CDS: on
 - commit_granule_bytes: 65536.
 - commit_granule_words: 8192.
 - virtual_space_node_default_size: 8388608.
 - enlarge_chunks_in_place: 1.
 - use_allocation_guard: 0.


Internal statistics:

num_allocs_failed_limit: 0.
num_arena_births: 160.
num_arena_deaths: 0.
num_vsnodes_births: 2.
num_vsnodes_deaths: 0.
num_space_committed: 104.
num_space_uncommitted: 0.
num_chunks_returned_to_freelist: 0.
num_chunks_taken_from_freelist: 390.
num_chunk_merges: 0.
num_chunk_splits: 214.
num_chunks_enlarged: 113.
num_inconsistent_stats: 0.

CodeHeap 'non-profiled nmethods': size=120000Kb used=445Kb max_used=445Kb free=119554Kb
 bounds [0x000001fa07ad0000, 0x000001fa07d40000, 0x000001fa0f000000]
CodeHeap 'profiled nmethods': size=120000Kb used=2304Kb max_used=2304Kb free=117695Kb
 bounds [0x000001fa00000000, 0x000001fa00270000, 0x000001fa07530000]
CodeHeap 'non-nmethods': size=5760Kb used=1356Kb max_used=1374Kb free=4403Kb
 bounds [0x000001fa07530000, 0x000001fa077a0000, 0x000001fa07ad0000]
 total_blobs=1754 nmethods=1292 adapters=367
 compilation: enabled
              stopped_count=0, restarted_count=0
 full_count=0

Compilation events (20 events):
Event: 2.216 Thread 0x000001fa7d9f6fd0 nmethod 1282 0x000001fa0023b210 code [0x000001fa0023b460, 0x000001fa0023bd18]
Event: 2.216 Thread 0x000001fa7d9f6fd0 1283       3       java.lang.String::toLowerCase (29 bytes)
Event: 2.216 Thread 0x000001fa7d9f6fd0 nmethod 1283 0x000001fa0023c090 code [0x000001fa0023c260, 0x000001fa0023c520]
Event: 2.216 Thread 0x000001fa7d9f6fd0 1285       3       java.util.stream.PipelineHelper::<init> (5 bytes)
Event: 2.216 Thread 0x000001fa7d9f6fd0 nmethod 1285 0x000001fa0023c610 code [0x000001fa0023c7c0, 0x000001fa0023c928]
Event: 2.216 Thread 0x000001fa7d9f6fd0 1284       3       org.springframework.boot.context.properties.source.ConfigurationPropertyName$ElementsParser::add (220 bytes)
Event: 2.217 Thread 0x000001fa7d9f6fd0 nmethod 1284 0x000001fa0023ca10 code [0x000001fa0023cd00, 0x000001fa0023ded8]
Event: 2.217 Thread 0x000001fa7d9f6fd0 1286       1       java.lang.StringLatin1$CharsSpliterator::characteristics (5 bytes)
Event: 2.217 Thread 0x000001fa7d9f6fd0 nmethod 1286 0x000001fa07b3d810 code [0x000001fa07b3d9a0, 0x000001fa07b3da68]
Event: 2.217 Thread 0x000001fa7d9f6fd0 1287       1       java.util.stream.MatchOps$BooleanTerminalSink::cancellationRequested (5 bytes)
Event: 2.217 Thread 0x000001fa7d9f6fd0 nmethod 1287 0x000001fa07b3db10 code [0x000001fa07b3dca0, 0x000001fa07b3dd70]
Event: 2.218 Thread 0x000001fa7d9f6fd0 1288       3       java.util.HashMap::<init> (98 bytes)
Event: 2.218 Thread 0x000001fa7d9f6fd0 nmethod 1288 0x000001fa0023e490 code [0x000001fa0023e7a0, 0x000001fa0023f690]
Event: 2.219 Thread 0x000001fa7d9f3ef0 nmethod 1278 0x000001fa07b3de10 code [0x000001fa07b3e040, 0x000001fa07b3e970]
Event: 2.220 Thread 0x000001fa7d9f6fd0 1289       3       java.util.ArrayDeque::elementAt (4 bytes)
Event: 2.220 Thread 0x000001fa7d9f6fd0 nmethod 1289 0x000001fa0023fc10 code [0x000001fa0023fda0, 0x000001fa0023feb8]
Event: 2.220 Thread 0x000001fa7d9f6fd0 1290       1       java.lang.invoke.DirectMethodHandle::isCrackable (5 bytes)
Event: 2.220 Thread 0x000001fa7d9f6fd0 nmethod 1290 0x000001fa07b3ef10 code [0x000001fa07b3f0a0, 0x000001fa07b3f170]
Event: 2.220 Thread 0x000001fa7d9f6fd0 1291       3       jdk.internal.misc.CDS::isDumpingArchive (4 bytes)
Event: 2.220 Thread 0x000001fa7d9f6fd0 nmethod 1291 0x000001fa0023ff90 code [0x000001fa00240120, 0x000001fa00240210]

GC Heap History (2 events):
Event: 1.847 GC heap before
{Heap before GC invocations=0 (full 0):
 garbage-first heap   total 227328K, used 22528K [0x0000000722000000, 0x0000000800000000)
  region size 2048K, 11 young (22528K), 0 survivors (0K)
 Metaspace       used 4192K, committed 4416K, reserved 1114112K
  class space    used 473K, committed 576K, reserved 1048576K
}
Event: 1.856 GC heap after
{Heap after GC invocations=1 (full 0):
 garbage-first heap   total 227328K, used 7591K [0x0000000722000000, 0x0000000800000000)
  region size 2048K, 2 young (4096K), 2 survivors (4096K)
 Metaspace       used 4192K, committed 4416K, reserved 1114112K
  class space    used 473K, committed 576K, reserved 1048576K
}

Dll operation events (8 events):
Event: 0.005 Loaded shared library C:\Users\PC\.p2\pool\plugins\org.eclipse.justj.openjdk.hotspot.jre.full.win32.x86_64_21.0.7.v20250502-0916\jre\bin\java.dll
Event: 0.044 Loaded shared library C:\Users\PC\.p2\pool\plugins\org.eclipse.justj.openjdk.hotspot.jre.full.win32.x86_64_21.0.7.v20250502-0916\jre\bin\zip.dll
Event: 0.170 Loaded shared library C:\Users\PC\.p2\pool\plugins\org.eclipse.justj.openjdk.hotspot.jre.full.win32.x86_64_21.0.7.v20250502-0916\jre\bin\net.dll
Event: 0.172 Loaded shared library C:\Users\PC\.p2\pool\plugins\org.eclipse.justj.openjdk.hotspot.jre.full.win32.x86_64_21.0.7.v20250502-0916\jre\bin\nio.dll
Event: 0.176 Loaded shared library C:\Users\PC\.p2\pool\plugins\org.eclipse.justj.openjdk.hotspot.jre.full.win32.x86_64_21.0.7.v20250502-0916\jre\bin\zip.dll
Event: 1.372 Loaded shared library C:\Users\PC\.p2\pool\plugins\org.eclipse.justj.openjdk.hotspot.jre.full.win32.x86_64_21.0.7.v20250502-0916\jre\bin\jimage.dll
Event: 1.744 Loaded shared library C:\Users\PC\.p2\pool\plugins\org.eclipse.justj.openjdk.hotspot.jre.full.win32.x86_64_21.0.7.v20250502-0916\jre\bin\management.dll
Event: 1.752 Loaded shared library C:\Users\PC\.p2\pool\plugins\org.eclipse.justj.openjdk.hotspot.jre.full.win32.x86_64_21.0.7.v20250502-0916\jre\bin\management_ext.dll

Deoptimization events (20 events):
Event: 1.955 Thread 0x000001fa7e347200 DEOPT PACKING pc=0x000001fa07b21098 sp=0x000000ad048fe190
Event: 1.955 Thread 0x000001fa7e347200 DEOPT UNPACKING pc=0x000001fa075846a2 sp=0x000000ad048fe0f0 mode 2
Event: 1.995 Thread 0x000001fa7e347200 DEOPT PACKING pc=0x000001fa00086c45 sp=0x000000ad048fda80
Event: 1.995 Thread 0x000001fa7e347200 DEOPT UNPACKING pc=0x000001fa07584e42 sp=0x000000ad048fcf88 mode 0
Event: 2.198 Thread 0x000001fa7e347200 Uncommon trap: trap_request=0xffffffde fr.pc=0x000001fa07b39eb8 relative=0x0000000000000818
Event: 2.198 Thread 0x000001fa7e347200 Uncommon trap: reason=class_check action=maybe_recompile pc=0x000001fa07b39eb8 method=java.util.HashMap.putVal(ILjava/lang/Object;Ljava/lang/Object;ZZ)Ljava/lang/Object; @ 91 c2
Event: 2.198 Thread 0x000001fa7e347200 DEOPT PACKING pc=0x000001fa07b39eb8 sp=0x000000ad048fde10
Event: 2.198 Thread 0x000001fa7e347200 DEOPT UNPACKING pc=0x000001fa075846a2 sp=0x000000ad048fdda0 mode 2
Event: 2.198 Thread 0x000001fa7e347200 Uncommon trap: trap_request=0xffffffde fr.pc=0x000001fa07b39eb8 relative=0x0000000000000818
Event: 2.198 Thread 0x000001fa7e347200 Uncommon trap: reason=class_check action=maybe_recompile pc=0x000001fa07b39eb8 method=java.util.HashMap.putVal(ILjava/lang/Object;Ljava/lang/Object;ZZ)Ljava/lang/Object; @ 91 c2
Event: 2.198 Thread 0x000001fa7e347200 DEOPT PACKING pc=0x000001fa07b39eb8 sp=0x000000ad048fde10
Event: 2.198 Thread 0x000001fa7e347200 DEOPT UNPACKING pc=0x000001fa075846a2 sp=0x000000ad048fdda0 mode 2
Event: 2.198 Thread 0x000001fa7e347200 Uncommon trap: trap_request=0xffffffde fr.pc=0x000001fa07b39eb8 relative=0x0000000000000818
Event: 2.198 Thread 0x000001fa7e347200 Uncommon trap: reason=class_check action=maybe_recompile pc=0x000001fa07b39eb8 method=java.util.HashMap.putVal(ILjava/lang/Object;Ljava/lang/Object;ZZ)Ljava/lang/Object; @ 91 c2
Event: 2.198 Thread 0x000001fa7e347200 DEOPT PACKING pc=0x000001fa07b39eb8 sp=0x000000ad048fde10
Event: 2.198 Thread 0x000001fa7e347200 DEOPT UNPACKING pc=0x000001fa075846a2 sp=0x000000ad048fdda0 mode 2
Event: 2.198 Thread 0x000001fa7e347200 Uncommon trap: trap_request=0xffffffde fr.pc=0x000001fa07b39eb8 relative=0x0000000000000818
Event: 2.198 Thread 0x000001fa7e347200 Uncommon trap: reason=class_check action=maybe_recompile pc=0x000001fa07b39eb8 method=java.util.HashMap.putVal(ILjava/lang/Object;Ljava/lang/Object;ZZ)Ljava/lang/Object; @ 91 c2
Event: 2.198 Thread 0x000001fa7e347200 DEOPT PACKING pc=0x000001fa07b39eb8 sp=0x000000ad048fde10
Event: 2.198 Thread 0x000001fa7e347200 DEOPT UNPACKING pc=0x000001fa075846a2 sp=0x000000ad048fdda0 mode 2

Classes loaded (20 events):
Event: 2.209 Loading class java/util/stream/IntPipeline$Head
Event: 2.209 Loading class java/util/stream/IntPipeline
Event: 2.210 Loading class java/util/stream/IntStream
Event: 2.210 Loading class java/util/stream/IntStream done
Event: 2.210 Loading class java/util/stream/IntPipeline done
Event: 2.210 Loading class java/util/stream/IntPipeline$Head done
Event: 2.210 Loading class java/util/function/IntPredicate
Event: 2.210 Loading class java/util/function/IntPredicate done
Event: 2.212 Loading class java/util/stream/MatchOps$MatchKind
Event: 2.212 Loading class java/util/stream/MatchOps$MatchKind done
Event: 2.212 Loading class java/util/stream/MatchOps
Event: 2.213 Loading class java/util/stream/MatchOps done
Event: 2.213 Loading class java/util/stream/MatchOps$MatchOp
Event: 2.213 Loading class java/util/stream/MatchOps$MatchOp done
Event: 2.213 Loading class java/util/stream/MatchOps$BooleanTerminalSink
Event: 2.213 Loading class java/util/stream/MatchOps$BooleanTerminalSink done
Event: 2.214 Loading class java/util/stream/MatchOps$2MatchSink
Event: 2.214 Loading class java/util/stream/Sink$OfInt
Event: 2.214 Loading class java/util/stream/Sink$OfInt done
Event: 2.214 Loading class java/util/stream/MatchOps$2MatchSink done

Classes unloaded (0 events):
No events

Classes redefined (0 events):
No events

Internal exceptions (20 events):
Event: 1.558 Thread 0x000001fa705aa5e0 Exception <a 'java/lang/NoSuchMethodError'{0x000000072f11cb80}: 'void java.lang.invoke.DirectMethodHandle$Holder.invokeStatic(java.lang.Object, java.lang.Object, java.lang.Object, java.lang.Object)'> (0x000000072f11cb80) 
thrown [s\src\hotspot\share\interpreter\linkResolver.cpp, line 773]
Event: 1.616 Thread 0x000001fa705aa5e0 Exception <a 'java/lang/NoSuchMethodError'{0x000000072ee49ab8}: 'int java.lang.invoke.DirectMethodHandle$Holder.invokeStaticInit(java.lang.Object, java.lang.Object)'> (0x000000072ee49ab8) 
thrown [s\src\hotspot\share\interpreter\linkResolver.cpp, line 773]
Event: 1.623 Thread 0x000001fa705aa5e0 Exception <a 'java/lang/NoSuchMethodError'{0x000000072ee84440}: 'void java.lang.invoke.DirectMethodHandle$Holder.invokeInterface(java.lang.Object, java.lang.Object, java.lang.Object, java.lang.Object)'> (0x000000072ee84440) 
thrown [s\src\hotspot\share\interpreter\linkResolver.cpp, line 773]
Event: 1.700 Thread 0x000001fa705aa5e0 Exception <a 'java/lang/NoSuchMethodError'{0x000000072ec75010}: 'java.lang.Object java.lang.invoke.DirectMethodHandle$Holder.invokeInterface(java.lang.Object, java.lang.Object)'> (0x000000072ec75010) 
thrown [s\src\hotspot\share\interpreter\linkResolver.cpp, line 773]
Event: 1.705 Thread 0x000001fa705aa5e0 Exception <a 'java/lang/NoSuchMethodError'{0x000000072ecaea50}: 'void java.lang.invoke.DirectMethodHandle$Holder.invokeStatic(java.lang.Object, java.lang.Object, java.lang.Object)'> (0x000000072ecaea50) 
thrown [s\src\hotspot\share\interpreter\linkResolver.cpp, line 773]
Event: 1.708 Thread 0x000001fa705aa5e0 Exception <a 'java/lang/NoSuchMethodError'{0x000000072ecc37f0}: 'java.lang.Object java.lang.invoke.DirectMethodHandle$Holder.invokeSpecialIFC(java.lang.Object, java.lang.Object, java.lang.Object, java.lang.Object)'> (0x000000072ecc37f0) 
thrown [s\src\hotspot\share\interpreter\linkResolver.cpp, line 773]
Event: 1.710 Thread 0x000001fa705aa5e0 Exception <a 'java/lang/NoSuchMethodError'{0x000000072ece3af8}: 'java.lang.Object java.lang.invoke.DirectMethodHandle$Holder.invokeInterface(java.lang.Object, java.lang.Object, java.lang.Object)'> (0x000000072ece3af8) 
thrown [s\src\hotspot\share\interpreter\linkResolver.cpp, line 773]
Event: 1.763 Thread 0x000001fa705aa5e0 Exception <a 'java/lang/NoSuchMethodError'{0x000000072ea0f8e8}: 'int java.lang.invoke.DirectMethodHandle$Holder.invokeSpecial(java.lang.Object, java.lang.Object, java.lang.Object)'> (0x000000072ea0f8e8) 
thrown [s\src\hotspot\share\interpreter\linkResolver.cpp, line 773]
Event: 1.842 Thread 0x000001fa7e347200 Exception <a 'java/lang/NoSuchMethodError'{0x000000072e9c8d00}: 'void java.lang.invoke.DirectMethodHandle$Holder.invokeStatic(java.lang.Object, java.lang.Object)'> (0x000000072e9c8d00) 
thrown [s\src\hotspot\share\interpreter\linkResolver.cpp, line 773]
Event: 1.843 Thread 0x000001fa7e347200 Exception <a 'java/lang/NoSuchMethodError'{0x000000072e9cc528}: 'void java.lang.invoke.DirectMethodHandle$Holder.invokeSpecial(java.lang.Object, java.lang.Object, java.lang.Object)'> (0x000000072e9cc528) 
thrown [s\src\hotspot\share\interpreter\linkResolver.cpp, line 773]
Event: 1.906 Thread 0x000001fa7e347200 Exception <a 'java/lang/NoSuchMethodError'{0x000000072fd31fd0}: 'int java.lang.invoke.DirectMethodHandle$Holder.invokeStaticInit(java.lang.Object, java.lang.Object, java.lang.Object)'> (0x000000072fd31fd0) 
thrown [s\src\hotspot\share\interpreter\linkResolver.cpp, line 773]
Event: 1.929 Thread 0x000001fa7e347200 Exception <a 'java/lang/NoSuchMethodError'{0x000000072fd8ca38}: 'java.lang.Object java.lang.invoke.DirectMethodHandle$Holder.newInvokeSpecial(java.lang.Object, java.lang.Object, java.lang.Object, java.lang.Object, java.lang.Object)'> (0x000000072fd8ca38) 
thrown [s\src\hotspot\share\interpreter\linkResolver.cpp, line 773]
Event: 1.941 Thread 0x000001fa7e347200 Exception <a 'java/lang/NoSuchMethodError'{0x000000072fdddb28}: 'java.lang.Object java.lang.invoke.DirectMethodHandle$Holder.invokeStaticInit(java.lang.Object, java.lang.Object, java.lang.Object)'> (0x000000072fdddb28) 
thrown [s\src\hotspot\share\interpreter\linkResolver.cpp, line 773]
Event: 1.969 Thread 0x000001fa7e347200 Exception <a 'java/lang/IncompatibleClassChangeError'{0x000000072fa5e298}: Found class java.lang.Object, but interface was expected> (0x000000072fa5e298) 
thrown [s\src\hotspot\share\interpreter\linkResolver.cpp, line 840]
Event: 2.012 Thread 0x000001fa7e347200 Exception <a 'sun/nio/fs/WindowsException'{0x000000072fb01078}> (0x000000072fb01078) 
thrown [s\src\hotspot\share\prims\jni.cpp, line 520]
Event: 2.084 Thread 0x000001fa7e347200 Exception <a 'java/lang/NoSuchMethodError'{0x000000072f87a028}: 'java.lang.Object java.lang.invoke.Invokers$Holder.invokeExact_MT(java.lang.Object, java.lang.Object, java.lang.Object, java.lang.Object, java.lang.Object, java.lang.Object)'> (0x000000072f87a028) 
thrown [s\src\hotspot\share\interpreter\linkResolver.cpp, line 773]
Event: 2.154 Thread 0x000001fa7e347200 Exception <a 'java/lang/NoSuchMethodError'{0x000000072f9e6c78}: 'java.lang.Object java.lang.invoke.DirectMethodHandle$Holder.invokeStatic(java.lang.Object, long, java.lang.Object)'> (0x000000072f9e6c78) 
thrown [s\src\hotspot\share\interpreter\linkResolver.cpp, line 773]
Event: 2.154 Thread 0x000001fa7e347200 Exception <a 'java/lang/NoSuchMethodError'{0x000000072f9ea310}: 'java.lang.Object java.lang.invoke.DirectMethodHandle$Holder.invokeStaticInit(java.lang.Object, long, java.lang.Object)'> (0x000000072f9ea310) 
thrown [s\src\hotspot\share\interpreter\linkResolver.cpp, line 773]
Event: 2.155 Thread 0x000001fa7e347200 Exception <a 'java/lang/NoSuchMethodError'{0x000000072f9efbf8}: 'java.lang.Object java.lang.invoke.DirectMethodHandle$Holder.newInvokeSpecial(java.lang.Object, long)'> (0x000000072f9efbf8) 
thrown [s\src\hotspot\share\interpreter\linkResolver.cpp, line 773]
Event: 2.191 Thread 0x000001fa7e347200 Exception <a 'java/lang/NoSuchMethodError'{0x000000072f6e16d0}: 'void java.lang.invoke.DirectMethodHandle$Holder.invokeStaticInit(java.lang.Object)'> (0x000000072f6e16d0) 
thrown [s\src\hotspot\share\interpreter\linkResolver.cpp, line 773]

ZGC Phase Switch (0 events):
No events

VM Operations (18 events):
Event: 0.181 Executing VM operation: HandshakeAllThreads (Deoptimize)
Event: 0.181 Executing VM operation: HandshakeAllThreads (Deoptimize) done
Event: 1.182 Executing VM operation: Cleanup
Event: 1.182 Executing VM operation: Cleanup done
Event: 1.312 Executing VM operation: HandshakeAllThreads (Deoptimize)
Event: 1.312 Executing VM operation: HandshakeAllThreads (Deoptimize) done
Event: 1.384 Executing VM operation: HandshakeAllThreads (Deoptimize)
Event: 1.384 Executing VM operation: HandshakeAllThreads (Deoptimize) done
Event: 1.695 Executing VM operation: HandshakeAllThreads (Deoptimize)
Event: 1.696 Executing VM operation: HandshakeAllThreads (Deoptimize) done
Event: 1.696 Executing VM operation: HandshakeAllThreads (Deoptimize)
Event: 1.696 Executing VM operation: HandshakeAllThreads (Deoptimize) done
Event: 1.737 Executing VM operation: HandshakeAllThreads (Deoptimize)
Event: 1.737 Executing VM operation: HandshakeAllThreads (Deoptimize) done
Event: 1.847 Executing VM operation: G1CollectForAllocation (G1 Evacuation Pause)
Event: 1.856 Executing VM operation: G1CollectForAllocation (G1 Evacuation Pause) done
Event: 2.013 Executing VM operation: HandshakeAllThreads (Deoptimize)
Event: 2.013 Executing VM operation: HandshakeAllThreads (Deoptimize) done

Memory protections (0 events):
No events

Nmethod flushes (0 events):
No events

Events (15 events):
Event: 0.035 Thread 0x000001fa705aa5e0 Thread added: 0x000001fa705aa5e0
Event: 0.045 Thread 0x000001fa705aa5e0 Thread added: 0x000001fa7d9da4b0
Event: 0.045 Thread 0x000001fa705aa5e0 Thread added: 0x000001fa7d9daf00
Event: 0.045 Thread 0x000001fa705aa5e0 Thread added: 0x000001fa7d9e00e0
Event: 0.045 Thread 0x000001fa705aa5e0 Thread added: 0x000001fa7d9e0f40
Event: 0.045 Thread 0x000001fa705aa5e0 Thread added: 0x000001fa7d9e65e0
Event: 0.045 Thread 0x000001fa705aa5e0 Thread added: 0x000001fa7d9ea940
Event: 0.045 Thread 0x000001fa705aa5e0 Thread added: 0x000001fa7d9f3ef0
Event: 0.045 Thread 0x000001fa705aa5e0 Thread added: 0x000001fa7d9f6fd0
Event: 0.156 Thread 0x000001fa705aa5e0 Thread added: 0x000001fa7db3dc60
Event: 0.160 Thread 0x000001fa705aa5e0 Thread added: 0x000001fa7db44050
Event: 0.193 Thread 0x000001fa7d9f3ef0 Thread added: 0x000001fa7dc07440
Event: 0.779 Thread 0x000001fa7dc07440 Thread exited: 0x000001fa7dc07440
Event: 1.829 Thread 0x000001fa705aa5e0 Thread added: 0x000001fa7e25c230
Event: 1.837 Thread 0x000001fa7e25c230 Thread added: 0x000001fa7e347200


Dynamic libraries:
0x00007ff602b40000 - 0x00007ff602b4e000 	C:\Users\PC\.p2\pool\plugins\org.eclipse.justj.openjdk.hotspot.jre.full.win32.x86_64_21.0.7.v20250502-0916\jre\bin\javaw.exe
0x00007ffbea810000 - 0x00007ffbeaa08000 	C:\Windows\SYSTEM32\ntdll.dll
0x00007ffbea5d0000 - 0x00007ffbea692000 	C:\Windows\System32\KERNEL32.DLL
0x00007ffbe7ea0000 - 0x00007ffbe8196000 	C:\Windows\System32\KERNELBASE.dll
0x00007ffbe8370000 - 0x00007ffbe8470000 	C:\Windows\System32\ucrtbase.dll
0x00007ffbe0120000 - 0x00007ffbe0138000 	C:\Users\PC\.p2\pool\plugins\org.eclipse.justj.openjdk.hotspot.jre.full.win32.x86_64_21.0.7.v20250502-0916\jre\bin\jli.dll
0x00007ffbd5da0000 - 0x00007ffbd5dbe000 	C:\Users\PC\.p2\pool\plugins\org.eclipse.justj.openjdk.hotspot.jre.full.win32.x86_64_21.0.7.v20250502-0916\jre\bin\VCRUNTIME140.dll
0x00007ffbe9570000 - 0x00007ffbe9711000 	C:\Windows\System32\USER32.dll
0x00007ffbe8500000 - 0x00007ffbe8522000 	C:\Windows\System32\win32u.dll
0x00007ffbe71d0000 - 0x00007ffbe746b000 	C:\Windows\WinSxS\amd64_microsoft.windows.common-controls_6595b64144ccf1df_6.0.19041.6456_none_60b8a6cb71f64256\COMCTL32.dll
0x00007ffbea460000 - 0x00007ffbea48b000 	C:\Windows\System32\GDI32.dll
0x00007ffbea490000 - 0x00007ffbea52e000 	C:\Windows\System32\msvcrt.dll
0x00007ffbe81a0000 - 0x00007ffbe82b9000 	C:\Windows\System32\gdi32full.dll
0x00007ffbe8690000 - 0x00007ffbe872d000 	C:\Windows\System32\msvcp_win.dll
0x00007ffbea020000 - 0x00007ffbea04f000 	C:\Windows\System32\IMM32.DLL
0x00007ffbe3090000 - 0x00007ffbe309c000 	C:\Users\PC\.p2\pool\plugins\org.eclipse.justj.openjdk.hotspot.jre.full.win32.x86_64_21.0.7.v20250502-0916\jre\bin\vcruntime140_1.dll
0x00007ffbc8ad0000 - 0x00007ffbc8b5d000 	C:\Users\PC\.p2\pool\plugins\org.eclipse.justj.openjdk.hotspot.jre.full.win32.x86_64_21.0.7.v20250502-0916\jre\bin\msvcp140.dll
0x00007ffb89b70000 - 0x00007ffb8a900000 	C:\Users\PC\.p2\pool\plugins\org.eclipse.justj.openjdk.hotspot.jre.full.win32.x86_64_21.0.7.v20250502-0916\jre\bin\server\jvm.dll
0x00007ffbea130000 - 0x00007ffbea1e1000 	C:\Windows\System32\ADVAPI32.dll
0x00007ffbe8b80000 - 0x00007ffbe8c1f000 	C:\Windows\System32\sechost.dll
0x00007ffbe8a60000 - 0x00007ffbe8b80000 	C:\Windows\System32\RPCRT4.dll
0x00007ffbe8780000 - 0x00007ffbe87a7000 	C:\Windows\System32\bcrypt.dll
0x00007ffbe9720000 - 0x00007ffbe978b000 	C:\Windows\System32\WS2_32.dll
0x00007ffbe7c50000 - 0x00007ffbe7c9b000 	C:\Windows\SYSTEM32\POWRPROF.dll
0x00007ffbdcb10000 - 0x00007ffbdcb37000 	C:\Windows\SYSTEM32\WINMM.dll
0x00007ffbde610000 - 0x00007ffbde61a000 	C:\Windows\SYSTEM32\VERSION.dll
0x00007ffbe7c30000 - 0x00007ffbe7c42000 	C:\Windows\SYSTEM32\UMPDC.dll
0x00007ffbe5690000 - 0x00007ffbe56a2000 	C:\Windows\SYSTEM32\kernel.appcore.dll
0x00007ffbe4680000 - 0x00007ffbe468a000 	C:\Users\PC\.p2\pool\plugins\org.eclipse.justj.openjdk.hotspot.jre.full.win32.x86_64_21.0.7.v20250502-0916\jre\bin\jimage.dll
0x00007ffbe77e0000 - 0x00007ffbe79e1000 	C:\Windows\SYSTEM32\DBGHELP.DLL
0x00007ffbe7580000 - 0x00007ffbe75b4000 	C:\Windows\SYSTEM32\dbgcore.DLL
0x00007ffbe8470000 - 0x00007ffbe84f2000 	C:\Windows\System32\bcryptPrimitives.dll
0x00007ffbe2f00000 - 0x00007ffbe2f1f000 	C:\Users\PC\.p2\pool\plugins\org.eclipse.justj.openjdk.hotspot.jre.full.win32.x86_64_21.0.7.v20250502-0916\jre\bin\java.dll
0x00007ffbe9840000 - 0x00007ffbe9fb0000 	C:\Windows\System32\SHELL32.dll
0x00007ffbe5890000 - 0x00007ffbe6035000 	C:\Windows\SYSTEM32\windows.storage.dll
0x00007ffbe8c20000 - 0x00007ffbe8f74000 	C:\Windows\System32\combase.dll
0x00007ffbe7130000 - 0x00007ffbe715b000 	C:\Windows\SYSTEM32\Wldp.dll
0x00007ffbea330000 - 0x00007ffbea3fd000 	C:\Windows\System32\OLEAUT32.dll
0x00007ffbea1f0000 - 0x00007ffbea29d000 	C:\Windows\System32\SHCORE.dll
0x00007ffbe9fb0000 - 0x00007ffbea00b000 	C:\Windows\System32\shlwapi.dll
0x00007ffbe7dd0000 - 0x00007ffbe7df4000 	C:\Windows\SYSTEM32\profapi.dll
0x00007ffbdfd00000 - 0x00007ffbdfd18000 	C:\Users\PC\.p2\pool\plugins\org.eclipse.justj.openjdk.hotspot.jre.full.win32.x86_64_21.0.7.v20250502-0916\jre\bin\zip.dll
0x00007ffbe2ef0000 - 0x00007ffbe2f00000 	C:\Users\PC\.p2\pool\plugins\org.eclipse.justj.openjdk.hotspot.jre.full.win32.x86_64_21.0.7.v20250502-0916\jre\bin\net.dll
0x00007ffbdf820000 - 0x00007ffbdf92a000 	C:\Windows\SYSTEM32\WINHTTP.dll
0x00007ffbe6e90000 - 0x00007ffbe6efa000 	C:\Windows\system32\mswsock.dll
0x00007ffbd8fd0000 - 0x00007ffbd8fe6000 	C:\Users\PC\.p2\pool\plugins\org.eclipse.justj.openjdk.hotspot.jre.full.win32.x86_64_21.0.7.v20250502-0916\jre\bin\nio.dll
0x00007ffbe2ee0000 - 0x00007ffbe2eea000 	C:\Users\PC\.p2\pool\plugins\org.eclipse.justj.openjdk.hotspot.jre.full.win32.x86_64_21.0.7.v20250502-0916\jre\bin\management.dll
0x00007ffbe2ec0000 - 0x00007ffbe2ecb000 	C:\Users\PC\.p2\pool\plugins\org.eclipse.justj.openjdk.hotspot.jre.full.win32.x86_64_21.0.7.v20250502-0916\jre\bin\management_ext.dll
0x00007ffbea5c0000 - 0x00007ffbea5c8000 	C:\Windows\System32\PSAPI.DLL

dbghelp: loaded successfully - version: 4.0.5 - missing functions: none
symbol engine: initialized successfully - sym options: 0x614 - pdb path: .;C:\Users\PC\.p2\pool\plugins\org.eclipse.justj.openjdk.hotspot.jre.full.win32.x86_64_21.0.7.v20250502-0916\jre\bin;C:\Windows\SYSTEM32;C:\Windows\WinSxS\amd64_microsoft.windows.common-controls_6595b64144ccf1df_6.0.19041.6456_none_60b8a6cb71f64256;C:\Users\PC\.p2\pool\plugins\org.eclipse.justj.openjdk.hotspot.jre.full.win32.x86_64_21.0.7.v20250502-0916\jre\bin\server

VM Arguments:
jvm_args: -Dfile.encoding=UTF-8 -Dstdout.encoding=UTF-8 -Dstderr.encoding=UTF-8 -XX:+ShowCodeDetailsInExceptionMessages 
java_command: com.proyecto.diente.DienteApplication
java_class_path (initial): C:\workspace\diente\target\classes;C:\Users\PC\.m2\repository\org\springframework\boot\spring-boot-starter-data-jpa\3.5.6\spring-boot-starter-data-jpa-3.5.6.jar;C:\Users\PC\.m2\repository\org\springframework\boot\spring-boot-starter\3.5.6\spring-boot-starter-3.5.6.jar;C:\Users\PC\.m2\repository\org\springframework\boot\spring-boot-starter-logging\3.5.6\spring-boot-starter-logging-3.5.6.jar;C:\Users\PC\.m2\repository\ch\qos\logback\logback-classic\1.5.18\logback-classic-1.5.18.jar;C:\Users\PC\.m2\repository\ch\qos\logback\logback-core\1.5.18\logback-core-1.5.18.jar;C:\Users\PC\.m2\repository\org\apache\logging\log4j\log4j-to-slf4j\2.24.3\log4j-to-slf4j-2.24.3.jar;C:\Users\PC\.m2\repository\org\apache\logging\log4j\log4j-api\2.24.3\log4j-api-2.24.3.jar;C:\Users\PC\.m2\repository\org\slf4j\jul-to-slf4j\2.0.17\jul-to-slf4j-2.0.17.jar;C:\Users\PC\.m2\repository\org\yaml\snakeyaml\2.4\snakeyaml-2.4.jar;C:\Users\PC\.m2\repository\org\springframework\boot\spring-boot-starter-jdbc\3.5.6\spring-boot-starter-jdbc-3.5.6.jar;C:\Users\PC\.m2\repository\com\zaxxer\HikariCP\6.3.3\HikariCP-6.3.3.jar;C:\Users\PC\.m2\repository\org\springframework\spring-jdbc\6.2.11\spring-jdbc-6.2.11.jar;C:\Users\PC\.m2\repository\org\hibernate\orm\hibernate-core\6.6.29.Final\hibernate-core-6.6.29.Final.jar;C:\Users\PC\.m2\repository\jakarta\persistence\jakarta.persistence-api\3.1.0\jakarta.persistence-api-3.1.0.jar;C:\Users\PC\.m2\repository\jakarta\transaction\jakarta.transaction-api\2.0.1\jakarta.transaction-api-2.0.1.jar;C:\Users\PC\.m2\repository\org\jboss\logging\jboss-logging\3.6.1.Final\jboss-logging-3.6.1.Final.jar;C:\Users\PC\.m2\repository\org\hibernate\common\hibernate-commons-annotations\7.0.3.Final\hibernate-commons-annotations-7.0.3.Final.jar;C:\Users\PC\.m2\repository\io\smallrye\jandex\3.2.0\jandex-3.2.0.jar;C:\Users\PC\.m2\repository\com\fasterxml\classmate\1.7.0\classmate-1.7.0.jar;C:\Users\PC\.m2\repository\net\bytebuddy\byte-buddy\1.17.7\byte-buddy-1.17.7.jar;C:\Users\PC\.m2\repository\org\glassfish\jaxb\jaxb-runtime\4.0.5\jaxb-runtime-4.0.5.jar;C:\Users\PC\.m2\repository\org\glassfish\jaxb\jaxb-core\4.0.5\jaxb-core-4.0.5.jar;C:\Users\PC\.m2\repository\org\eclipse\angus\angus-activation\2.0.2\angus-activation-2.0.2.jar;C:\Users\PC\.m2\repository\org\glassfish\jaxb\txw2\4.0.5\txw2-4.0.5.jar;C:\Users\PC\.m2\repository\com\sun\istack\istack-commons-runtime\4.1.2\istack-commons-runtime-4.1.2.jar;C:\Users\PC\.m2\repository\jakarta\inject\jakarta.inject-api\2.0.1\jakarta.inject-api-2.0.1.jar;C:\Users\PC\.m2\repository\org\antlr\antlr4-runtime\4.13.0\antlr4-runtime-4.13.0.jar;C:\Users\PC\.m2\repository\org\springframework\data\spring-data-jpa\3.5.4\spring-data-jpa-3.5.4.jar;C:\Users\PC\.m2\repository\org\springframework\data\spring-data-commons\3.5.4\spring-data-commons-3.5.4.jar;C:\Users\PC\.m2\repository\org\springframework\spring-orm\6.2.11\spring-orm-6.2.11.jar;C:\Users\PC\.m2\repository\org\springframework\spring-context\6.2.11\spring-context-6.2.11.jar;C:\Users\PC\.m2\repository\org\springframework\spring-aop\6.2.11\spring-aop-6.2.11.jar;C:\Users\PC\.m2\repository\org\springframework\spring-tx\6.2.11\spring-tx-6.2.11.jar;C:\Users\PC\.m2\repository\org\springframework\spring-beans\6.2.11\spring-beans-6.2.11.jar;C:\Users\PC\.m2\repository\org\slf4j\slf4j-api\2.0.17\slf4j-api-2.0.17.jar;C:\Users\PC\.m2\repository\org\springframework\spring-aspects\6.2.11\spring-aspects-6.2.11.jar;C:\Users\PC\.m2\repository\org\aspectj\aspectjweaver\1.9.24\aspectjweaver-1.9.24.jar;C:\Users\PC\.m2\repository\org\springframework\boot\spring-boot-starter-web\3.5.6\spring-boot-starter-web-3.5.6.jar;C:\Users\PC\.m2\repository\org\springframework\boot\spring-boot-starter-json\3.5.6\spring-boot-starter-json-3.5.6.jar;C:\Users\PC\.m2\repository\com\fasterxml\jackson\core\jackson-databind\2.19.2\jackson-databind-2.19.2.jar;C:\Users\PC\.m2\repository\com\fasterxml\jackson\core\jackson-core\2.19.2\jackson-core-2.19.2.jar;C:\Users\PC\.m2\repository\com\fasterxml\jackson\datatype\jackson-datatype-jdk8\2.19.2\jackson-datatype-jdk8-2.19.2.jar;C:\Users\PC\.m2\repository\com\fasterxml\jackson\datatype\jackson-datatype-jsr310\2.19.2\jackson-datatype-jsr310-2.19.2.jar;C:\Users\PC\.m2\repository\com\fasterxml\jackson\module\jackson-module-parameter-names\2.19.2\jackson-module-parameter-names-2.19.2.jar;C:\Users\PC\.m2\repository\org\springframework\spring-web\6.2.11\spring-web-6.2.11.jar;C:\Users\PC\.m2\repository\io\micrometer\micrometer-observation\1.15.4\micrometer-observation-1.15.4.jar;C:\Users\PC\.m2\repository\io\micrometer\micrometer-commons\1.15.4\micrometer-commons-1.15.4.jar;C:\Users\PC\.m2\repository\org\springframework\spring-webmvc\6.2.11\spring-webmvc-6.2.11.jar;C:\Users\PC\.m2\repository\org\springframework\spring-expression\6.2.11\spring-expression-6.2.11.jar;C:\Users\PC\.m2\repository\org\springframework\boot\spring-boot-devtools\3.5.6\spring-boot-devtools-3.5.6.jar;C:\Users\PC\.m2\repository\org\springframework\boot\spring-boot\3.5.6\spring-boot-3.5.6.jar;C:\Users\PC\.m2\repository\org\springframework\boot\spring-boot-autoconfigure\3.5.6\spring-boot-autoconfigure-3.5.6.jar;C:\Users\PC\.m2\repository\com\mysql\mysql-connector-j\9.4.0\mysql-connector-j-9.4.0.jar;C:\Users\PC\.m2\repository\org\projectlombok\lombok\1.18.40\lombok-1.18.40.jar;C:\Users\PC\.m2\repository\org\springframework\boot\spring-boot-starter-tomcat\3.5.6\spring-boot-starter-tomcat-3.5.6.jar;C:\Users\PC\.m2\repository\jakarta\annotation\jakarta.annotation-api\2.1.1\jakarta.annotation-api-2.1.1.jar;C:\Users\PC\.m2\repository\org\apache\tomcat\embed\tomcat-embed-core\10.1.46\tomcat-embed-core-10.1.46.jar;C:\Users\PC\.m2\repository\org\apache\tomcat\embed\tomcat-embed-el\10.1.46\tomcat-embed-el-10.1.46.jar;C:\Users\PC\.m2\repository\org\apache\tomcat\embed\tomcat-embed-websocket\10.1.46\tomcat-embed-websocket-10.1.46.jar;C:\Users\PC\.m2\repository\com\jayway\jsonpath\json-path\2.9.0\json-path-2.9.0.jar;C:\Users\PC\.m2\repository\jakarta\xml\bind\jakarta.xml.bind-api\4.0.2\jakarta.xml.bind-api-4.0.2.jar;C:\Users\PC\.m2\repository\jakarta\activation\jakarta.activation-api\2.1.4\jakarta.activation-api-2.1.4.jar;C:\Users\PC\.m2\repository\net\minidev\json-smart\2.5.2\json-smart-2.5.2.jar;C:\Users\PC\.m2\repository\net\minidev\accessors-smart\2.5.2\accessors-smart-2.5.2.jar;C:\Users\PC\.m2\repository\org\ow2\asm\asm\9.7.1\asm-9.7.1.jar;C:\Users\PC\.m2\repository\org\springframework\spring-core\6.2.11\spring-core-6.2.11.jar;C:\Users\PC\.m2\repository\org\springframework\spring-jcl\6.2.11\spring-jcl-6.2.11.jar;C:\Users\PC\.m2\repository\org\springframework\boot\spring-boot-starter-data-rest\3.5.6\spring-boot-starter-data-rest-3.5.6.jar;C:\Users\PC\.m2\repository\org\springframework\data\spring-data-rest-webmvc\4.5.4\spring-data-rest-webmvc-4.5.4.jar;C:\Users\PC\.m2\repository\org\springframework\data\spring-data-rest-core\4.5.4\spring-data-rest-core-4.5.4.jar;C:\Users\PC\.m2\repository\org\springframework\hateoas\spring-hateoas\2.5.1\spring-hateoas-2.5.1.jar;C:\Users\PC\.m2\repository\org\springframework\plugin\spring-plugin-core\3.0.0\spring-plugin-core-3.0.0.jar;C:\Users\PC\.m2\repository\org\atteo\evo-inflector\1.3\evo-inflector-1.3.jar;C:\Users\PC\.m2\repository\com\fasterxml\jackson\core\jackson-annotations\2.19.2\jackson-annotations-2.19.2.jar;C:\Users\PC\.m2\repository\org\springframework\boot\spring-boot-starter-validation\3.5.6\spring-boot-starter-validation-3.5.6.jar;C:\Users\PC\.m2\repository\org\hibernate\validator\hibernate-validator\8.0.3.Final\hibernate-validator-8.0.3.Final.jar;C:\Users\PC\.m2\repository\jakarta\validation\jakarta.validation-api\3.0.2\jakarta.validation-api-3.0.2.jar;C:\Users\PC\.m2\repository\org\springdoc\springdoc-openapi-starter-webmvc-ui\2.8.5\springdoc-openapi-starter-webmvc-ui-2.8.5.jar;C:\Users\PC\.m2\repository\org\springdoc\springdoc-openapi-starter-webmvc-api\2.8.5\springdoc-openapi-starter-webmvc-api-2.8.5.jar;C:\Users\PC\.m2\repository\org\springdoc\springdoc-openapi-starter-common\2.8.5\springdoc-openapi-starter-common-2.8.5.jar;C:\Users\PC\.m2\repository\io\swagger\core\v3\swagger-core-jakarta\2.2.28\swagger-core-jakarta-2.2.28.jar;C:\Users\PC\.m2\repository\org\apache\commons\commons-lang3\3.17.0\commons-lang3-3.17.0.jar;C:\Users\PC\.m2\repository\io\swagger\core\v3\swagger-annotations-jakarta\2.2.28\swagger-annotations-jakarta-2.2.28.jar;C:\Users\PC\.m2\repository\io\swagger\core\v3\swagger-models-jakarta\2.2.28\swagger-models-jakarta-2.2.28.jar;C:\Users\PC\.m2\repository\com\fasterxml\jackson\dataformat\jackson-dataformat-yaml\2.19.2\jackson-dataformat-yaml-2.19.2.jar;C:\Users\PC\.m2\repository\org\webjars\swagger-ui\5.18.3\swagger-ui-5.18.3.jar;C:\Users\PC\.m2\repository\org\webjars\webjars-locator-lite\1.1.0\webjars-locator-lite-1.1.0.jar;C:\Users\PC\.m2\repository\org\jspecify\jspecify\1.0.0\jspecify-1.0.0.jar
Launcher Type: SUN_STANDARD

[Global flags]
     intx CICompilerCount                          = 4                                         {product} {ergonomic}
     uint ConcGCThreads                            = 3                                         {product} {ergonomic}
     uint G1ConcRefinementThreads                  = 10                                        {product} {ergonomic}
   size_t G1HeapRegionSize                         = 2097152                                   {product} {ergonomic}
    uintx GCDrainStackTargetSize                   = 64                                        {product} {ergonomic}
   size_t InitialHeapSize                          = 232783872                                 {product} {ergonomic}
   size_t MarkStackSize                            = 4194304                                   {product} {ergonomic}
   size_t MaxHeapSize                              = 3724541952                                {product} {ergonomic}
   size_t MaxNewSize                               = 2233466880                                {product} {ergonomic}
   size_t MinHeapDeltaBytes                        = 2097152                                   {product} {ergonomic}
   size_t MinHeapSize                              = 8388608                                   {product} {ergonomic}
    uintx NonNMethodCodeHeapSize                   = 5839372                                {pd product} {ergonomic}
    uintx NonProfiledCodeHeapSize                  = 122909434                              {pd product} {ergonomic}
    uintx ProfiledCodeHeapSize                     = 122909434                              {pd product} {ergonomic}
    uintx ReservedCodeCacheSize                    = 251658240                              {pd product} {ergonomic}
     bool SegmentedCodeCache                       = true                                      {product} {ergonomic}
     bool ShowCodeDetailsInExceptionMessages       = true                                   {manageable} {command line}
   size_t SoftMaxHeapSize                          = 3724541952                             {manageable} {ergonomic}
     bool UseCompressedOops                        = true                           {product lp64_product} {ergonomic}
     bool UseG1GC                                  = true                                      {product} {ergonomic}
     bool UseLargePagesIndividualAllocation        = false                                  {pd product} {ergonomic}

Logging:
Log output configuration:
 #0: stdout all=warning uptime,level,tags foldmultilines=false
 #1: stderr all=off uptime,level,tags foldmultilines=false

Environment Variables:
JAVA_HOME=C:\Program Files\Java\jdk-24
PATH=C:/Users/PC/.p2/pool/plugins/org.eclipse.justj.openjdk.hotspot.jre.full.win32.x86_64_21.0.7.v20250502-0916/jre/bin/server;C:/Users/PC/.p2/pool/plugins/org.eclipse.justj.openjdk.hotspot.jre.full.win32.x86_64_21.0.7.v20250502-0916/jre/bin;C:\Program Files (x86)\Razer\ChromaBroadcast\bin;C:\Program Files\Razer\ChromaBroadcast\bin;C:\Program Files\Common Files\Oracle\Java\javapath;C:\Windows\system32;C:\Windows;C:\Windows\System32\Wbem;C:\Windows\System32\WindowsPowerShell\v1.0\;C:\Windows\System32\OpenSSH\;C:\Program Files\Git\cmd;C:\Program Files\Java\jdk-24\bin;C:\Program Files\nodejs\;C:\Windows\system32\config\systemprofile\AppData\Local\Microsoft\WindowsApps;C:\Program Files (x86)\Razer Chroma SDK\bin;C:\Program Files\Razer Chroma SDK\bin;C:\Users\PC\AppData\Local\Microsoft\WindowsApps;C:\Users\PC\AppData\Local\Programs\Microsoft VS Code\bin;C:\apache-maven-3.9.10\bin;C:\Users\PC\AppData\Roaming\npm;C:\Users\PC\AppData\Local\Microsoft\WindowsApps;C:\Users\PC\AppData\Local\Programs\Microsoft VS Code\bin;C:\apache-maven-3.9.10\bin;C:\Users\PC\AppData\Roaming\npm;C:\Windows\System32;
USERNAME=PC
OS=Windows_NT
PROCESSOR_IDENTIFIER=AMD64 Family 25 Model 80 Stepping 0, AuthenticAMD
TMP=C:\Users\PC\AppData\Local\Temp
TEMP=C:\Users\PC\AppData\Local\Temp




Periodic native trim disabled

---------------  S Y S T E M  ---------------

OS:
 Windows 10 , 64 bit Build 19041 (10.0.19041.5915)
OS uptime: 7 days 4:17 hours

CPU: total 12 (initial active 12) (12 cores per cpu, 2 threads per core) family 25 model 80 stepping 0 microcode 0x0, cx8, cmov, fxsr, ht, mmx, 3dnowpref, sse, sse2, sse3, ssse3, sse4a, sse4.1, sse4.2, popcnt, lzcnt, tsc, tscinvbit, avx, avx2, aes, erms, clmul, bmi1, bmi2, adx, sha, fma, vzeroupper, clflush, clflushopt, rdtscp, rdpid, fsrm, f16c, pku, cet_ss
Processor Information for the first 12 processors :
  Max Mhz: 3901, Current Mhz: 3901, Mhz Limit: 3901

Memory: 4k page, system-wide physical 14205M (204M free)
TotalPageFile size 57213M (AvailPageFile size 342M)
current process WorkingSet (physical memory assigned to process): 85M, peak: 85M
current process commit charge ("private bytes"): 327M, peak: 328M

vm_info: OpenJDK 64-Bit Server VM (21.0.7+6-LTS) for windows-amd64 JRE (21.0.7+6-LTS), built on 2025-04-15T00:00:00Z by "admin" with MS VC++ 17.7 (VS2022)

END.
